Archive member included to satisfy reference by file (symbol)

C:\Users\manci\Documents\MCUXpressoIDE_10.2.0_759\workspace\lpc_chip_43xx\Debug\liblpc_chip_43xx.a(fpu_init.o)
                              ./src/sysinit.o (fpuInit)
C:\Users\manci\Documents\MCUXpressoIDE_10.2.0_759\workspace\lpc_chip_43xx\Debug\liblpc_chip_43xx.a(sysinit_18xx_43xx.o)
                              ./src/sysinit.o (Chip_SystemInit)
C:\Users\manci\Documents\MCUXpressoIDE_10.2.0_759\workspace\lpc_chip_43xx\Debug\liblpc_chip_43xx.a(clock_18xx_43xx.o)
                              C:\Users\manci\Documents\MCUXpressoIDE_10.2.0_759\workspace\lpc_chip_43xx\Debug\liblpc_chip_43xx.a(sysinit_18xx_43xx.o) (Chip_Clock_EnableCrystal)
c:/nxp/mcuxpressoide_10.2.0_759/ide/tools/bin/../lib/gcc/arm-none-eabi/7.2.1/../../../../arm-none-eabi/lib/thumb/v7e-m/fpv4-sp/softfp\libcr_c.a(memset.o)
                              C:\Users\manci\Documents\MCUXpressoIDE_10.2.0_759\workspace\lpc_chip_43xx\Debug\liblpc_chip_43xx.a(clock_18xx_43xx.o) (memset)
c:/nxp/mcuxpressoide_10.2.0_759/ide/tools/bin/../lib/gcc/arm-none-eabi/7.2.1/../../../../arm-none-eabi/lib/thumb/v7e-m/fpv4-sp/softfp\libcr_c.a(__weak__main.o)
                              ./src/cr_startup_lpc43xx.o (__main)
c:/nxp/mcuxpressoide_10.2.0_759/ide/tools/bin/../lib/gcc/arm-none-eabi/7.2.1/thumb/v7e-m/fpv4-sp/softfp\libcr_eabihelpers.a(memcpy.o)
                              c:/nxp/mcuxpressoide_10.2.0_759/ide/tools/bin/../lib/gcc/arm-none-eabi/7.2.1/../../../../arm-none-eabi/lib/thumb/v7e-m/fpv4-sp/softfp\libcr_c.a(memset.o) (__aeabi_lowlevel_memset)

Discarded input sections

 .group         0x00000000        0xc ./src/PWM.o
 .group         0x00000000        0xc ./src/PWM.o
 .group         0x00000000        0xc ./src/PWM.o
 .group         0x00000000        0xc ./src/PWM.o
 .group         0x00000000        0xc ./src/PWM.o
 .group         0x00000000        0xc ./src/PWM.o
 .group         0x00000000        0xc ./src/PWM.o
 .group         0x00000000        0xc ./src/PWM.o
 .group         0x00000000        0xc ./src/PWM.o
 .text          0x00000000        0x0 ./src/PWM.o
 .data          0x00000000        0x0 ./src/PWM.o
 .bss           0x00000000        0x0 ./src/PWM.o
 .group         0x00000000        0xc ./src/cr_startup_lpc43xx.o
 .text          0x00000000        0x0 ./src/cr_startup_lpc43xx.o
 .data          0x00000000        0x0 ./src/cr_startup_lpc43xx.o
 .bss           0x00000000        0x0 ./src/cr_startup_lpc43xx.o
 .debug_macro   0x00000000      0xa78 ./src/cr_startup_lpc43xx.o
 .group         0x00000000        0xc ./src/crp.o
 .group         0x00000000        0xc ./src/crp.o
 .text          0x00000000        0x0 ./src/crp.o
 .data          0x00000000        0x0 ./src/crp.o
 .bss           0x00000000        0x0 ./src/crp.o
 .crp           0x00000000        0x4 ./src/crp.o
 .debug_info    0x00000000       0x3f ./src/crp.o
 .debug_abbrev  0x00000000       0x36 ./src/crp.o
 .debug_aranges
                0x00000000       0x18 ./src/crp.o
 .debug_macro   0x00000000       0x1a ./src/crp.o
 .debug_macro   0x00000000      0xa78 ./src/crp.o
 .debug_macro   0x00000000       0x34 ./src/crp.o
 .debug_line    0x00000000       0x75 ./src/crp.o
 .debug_str     0x00000000     0x2e42 ./src/crp.o
 .comment       0x00000000       0x7f ./src/crp.o
 .ARM.attributes
                0x00000000       0x37 ./src/crp.o
 .group         0x00000000        0xc ./src/dac.o
 .group         0x00000000        0xc ./src/dac.o
 .group         0x00000000        0xc ./src/dac.o
 .group         0x00000000        0xc ./src/dac.o
 .group         0x00000000        0xc ./src/dac.o
 .text          0x00000000        0x0 ./src/dac.o
 .data          0x00000000        0x0 ./src/dac.o
 .bss           0x00000000        0x0 ./src/dac.o
 .data.SAMPLES_NUM
                0x00000000        0x4 ./src/dac.o
 .text.Enable_DMA
                0x00000000       0x20 ./src/dac.o
 .debug_macro   0x00000000      0xa78 ./src/dac.o
 .debug_macro   0x00000000       0x46 ./src/dac.o
 .debug_macro   0x00000000       0x22 ./src/dac.o
 .debug_macro   0x00000000       0x10 ./src/dac.o
 .debug_macro   0x00000000       0xc4 ./src/dac.o
 .group         0x00000000        0xc ./src/distance_sensor.o
 .group         0x00000000        0xc ./src/distance_sensor.o
 .group         0x00000000        0xc ./src/distance_sensor.o
 .group         0x00000000        0xc ./src/distance_sensor.o
 .group         0x00000000        0xc ./src/distance_sensor.o
 .group         0x00000000        0xc ./src/distance_sensor.o
 .group         0x00000000        0xc ./src/distance_sensor.o
 .group         0x00000000        0xc ./src/distance_sensor.o
 .group         0x00000000        0xc ./src/distance_sensor.o
 .text          0x00000000        0x0 ./src/distance_sensor.o
 .data          0x00000000        0x0 ./src/distance_sensor.o
 .bss           0x00000000        0x0 ./src/distance_sensor.o
 .debug_macro   0x00000000      0xa78 ./src/distance_sensor.o
[...]
Memory Configuration

Name             Origin             Length             Attributes
MFlashA512       0x1a000000         0x00080000         xr
MFlashB512       0x1b000000         0x00080000         xr
RamLoc32         0x10000000         0x00008000         xrw
RamLoc40         0x10080000         0x0000a000         xrw
RamAHB32         0x20000000         0x00008000         xrw
RamAHB16         0x20008000         0x00004000         xrw
RamAHB_ETB16     0x2000c000         0x00004000         xrw
*default*        0x00000000         0xffffffff

Linker script and memory map

LOAD ./src/PWM.o
LOAD ./src/cr_startup_lpc43xx.o
LOAD ./src/crp.o
LOAD ./src/dac.o
LOAD ./src/distance_sensor.o
LOAD ./src/gpio_set.o
LOAD ./src/interruptions.o
LOAD ./src/leds_setup.o
LOAD ./src/main.o
LOAD ./src/scu_set.o
LOAD ./src/sysinit.o
LOAD ./src/tec_setup.o
LOAD ./src/timers.o
LOAD ./src/vibrator.o
LOAD ./src/zones.o
LOAD C:\Users\manci\Documents\MCUXpressoIDE_10.2.0_759\workspace\lpc_chip_43xx\Debug\liblpc_chip_43xx.a
START GROUP
LOAD c:/nxp/mcuxpressoide_10.2.0_759/ide/tools/bin/../lib/gcc/arm-none-eabi/7.2.1/../../../../arm-none-eabi/lib/thumb/v7e-m/fpv4-sp/softfp\libcr_c.a
LOAD c:/nxp/mcuxpressoide_10.2.0_759/ide/tools/bin/../lib/gcc/arm-none-eabi/7.2.1/thumb/v7e-m/fpv4-sp/softfp\libcr_eabihelpers.a
END GROUP
                0x1a000000                __base_MFlashA512 = 0x1a000000
                0x1a000000                __base_Flash = 0x1a000000
                0x1a080000                __top_MFlashA512 = 0x1a080000
                0x1a080000                __top_Flash = 0x1a080000
                0x1b000000                __base_MFlashB512 = 0x1b000000
                0x1b000000                __base_Flash2 = 0x1b000000
                0x1b080000                __top_MFlashB512 = 0x1b080000
                0x1b080000                __top_Flash2 = 0x1b080000
                0x10000000                __base_RamLoc32 = 0x10000000
                0x10000000                __base_RAM = 0x10000000
                0x10008000                __top_RamLoc32 = 0x10008000
                0x10008000                __top_RAM = 0x10008000
                0x10080000                __base_RamLoc40 = 0x10080000
                0x10080000                __base_RAM2 = 0x10080000
                0x1008a000                __top_RamLoc40 = 0x1008a000
                0x1008a000                __top_RAM2 = 0x1008a000
                0x20000000                __base_RamAHB32 = 0x20000000
                0x20000000                __base_RAM3 = 0x20000000
                0x20008000                __top_RamAHB32 = 0x20008000
                0x20008000                __top_RAM3 = 0x20008000
                0x20008000                __base_RamAHB16 = 0x20008000
                0x20008000                __base_RAM4 = 0x20008000
                0x2000c000                __top_RamAHB16 = 0x2000c000
                0x2000c000                __top_RAM4 = 0x2000c000
                0x2000c000                __base_RamAHB_ETB16 = 0x2000c000
                0x2000c000                __base_RAM5 = 0x2000c000
                0x20010000                __top_RamAHB_ETB16 = 0x20010000
                0x20010000                __top_RAM5 = 0x20010000

.text_Flash2    0x1b000000        0x0
 FILL mask 0xff
 *(.text_Flash2*)
 *(.text_MFlashB512*)
 *(.text.$Flash2*)
 *(.text.$MFlashB512*)
 *(.rodata.$Flash2*)
 *(.rodata.$MFlashB512*)

.text           0x1a000000     0x1bc4
 FILL mask 0xff
                0x1a000000                __vectors_start__ = ABSOLUTE (.)
 *(.isr_vector)
 .isr_vector    0x1a000000      0x114 ./src/cr_startup_lpc43xx.o
                0x1a000000                g_pfnVectors
                0x1a000114                . = ALIGN (0x4)
                0x1a000114                __section_table_start = .
                0x1a000114                __data_section_table = .
                0x1a000114        0x4 LONG 0x1a001bc4 LOADADDR (.data)
                0x1a000118        0x4 LONG 0x10000000 ADDR (.data)
                0x1a00011c        0x4 LONG 0x0 SIZEOF (.data)
                0x1a000120        0x4 LONG 0x1a001bc4 LOADADDR (.data_RAM2)
                0x1a000124        0x4 LONG 0x10080000 ADDR (.data_RAM2)
                0x1a000128        0x4 LONG 0x0 SIZEOF (.data_RAM2)
                0x1a00012c        0x4 LONG 0x1a001bc4 LOADADDR (.data_RAM3)
                0x1a000130        0x4 LONG 0x20000000 ADDR (.data_RAM3)
                0x1a000134        0x4 LONG 0x0 SIZEOF (.data_RAM3)
                0x1a000138        0x4 LONG 0x1a001bc4 LOADADDR (.data_RAM4)
                0x1a00013c        0x4 LONG 0x20008000 ADDR (.data_RAM4)
                0x1a000140        0x4 LONG 0x0 SIZEOF (.data_RAM4)
                0x1a000144        0x4 LONG 0x1a001bc4 LOADADDR (.data_RAM5)
                0x1a000148        0x4 LONG 0x2000c000 ADDR (.data_RAM5)
                0x1a00014c        0x4 LONG 0x0 SIZEOF (.data_RAM5)
                0x1a000150                __data_section_table_end = .
                0x1a000150                __bss_section_table = .
                0x1a000150        0x4 LONG 0x10000000 ADDR (.bss)
                0x1a000154        0x4 LONG 0xc SIZEOF (.bss)
                0x1a000158        0x4 LONG 0x10080000 ADDR (.bss_RAM2)
                0x1a00015c        0x4 LONG 0x0 SIZEOF (.bss_RAM2)
                0x1a000160        0x4 LONG 0x20000000 ADDR (.bss_RAM3)
                0x1a000164        0x4 LONG 0x0 SIZEOF (.bss_RAM3)
                0x1a000168        0x4 LONG 0x20008000 ADDR (.bss_RAM4)
                0x1a00016c        0x4 LONG 0x0 SIZEOF (.bss_RAM4)
                0x1a000170        0x4 LONG 0x2000c000 ADDR (.bss_RAM5)
                0x1a000174        0x4 LONG 0x0 SIZEOF (.bss_RAM5)
                0x1a000178                __bss_section_table_end = .
                0x1a000178                __section_table_end = .
 *(.after_vectors*)
 .after_vectors
                0x1a000178       0xb8 ./src/cr_startup_lpc43xx.o
                0x1a000178                data_init
                0x1a0001bc                bss_init
                0x1a0001f4                NMI_Handler
                0x1a0001fa                HardFault_Handler
                0x1a000200                MemManage_Handler
                0x1a000206                BusFault_Handler
                0x1a00020c                UsageFault_Handler
                0x1a000212                SVC_Handler
                0x1a000218                DebugMon_Handler
                0x1a00021e                PendSV_Handler
                0x1a000224                SysTick_Handler
                0x1a00022a                ATIMER_IRQHandler
                0x1a00022a                I2C1_IRQHandler
                0x1a00022a                UART1_IRQHandler
                0x1a00022a                GPIO5_IRQHandler
                0x1a00022a                CAN1_IRQHandler
                0x1a00022a                USB1_IRQHandler
                0x1a00022a                I2S0_IRQHandler
                0x1a00022a                TIMER3_IRQHandler
                0x1a00022a                UART0_IRQHandler
                0x1a00022a                I2C0_IRQHandler
                0x1a00022a                SGPIO_IRQHandler
                0x1a00022a                FLASH_EEPROM_IRQHandler
                0x1a00022a                ADCHS_IRQHandler
                0x1a00022a                GPIO6_IRQHandler
                0x1a00022a                IntDefaultHandler
                0x1a00022a                GPIO1_IRQHandler
                0x1a00022a                SSP0_IRQHandler
                0x1a00022a                ADC1_IRQHandler
                0x1a00022a                RTC_IRQHandler
                0x1a00022a                TIMER0_IRQHandler
                0x1a00022a                SPI_IRQHandler
                0x1a00022a                LCD_IRQHandler
                0x1a00022a                RIT_IRQHandler
                0x1a00022a                TIMER1_IRQHandler
                0x1a00022a                UART2_IRQHandler
                0x1a00022a                GPIO2_IRQHandler
                0x1a00022a                I2S1_IRQHandler
                0x1a00022a                SSP1_IRQHandler
                0x1a00022a                USB0_IRQHandler
                0x1a00022a                GPIO3_IRQHandler
                0x1a00022a                SCT_IRQHandler
                0x1a00022a                SDIO_IRQHandler
                0x1a00022a                WDT_IRQHandler
                0x1a00022a                ADC0_IRQHandler
                0x1a00022a                GPIO7_IRQHandler
                0x1a00022a                SPIFI_IRQHandler
                0x1a00022a                QEI_IRQHandler
                0x1a00022a                ETH_IRQHandler
                0x1a00022a                CAN0_IRQHandler
                0x1a00022a                GINT0_IRQHandler
                0x1a00022a                DAC_IRQHandler
                0x1a00022a                M0SUB_IRQHandler
                0x1a00022a                DMA_IRQHandler
                0x1a00022a                EVRT_IRQHandler
                0x1a00022a                TIMER2_IRQHandler
                0x1a00022a                UART3_IRQHandler
                0x1a00022a                MCPWM_IRQHandler
                0x1a00022a                M0APP_IRQHandler
                0x1a00022a                GINT1_IRQHandler
                0x1a00022a                GPIO4_IRQHandler
 *(.text*)
 .text.PWM_pulse
                0x1a000230      0x120 ./src/PWM.o
                0x1a000230                PWM_pulse
 .text.ResetISR
                0x1a000350       0xc4 ./src/cr_startup_lpc43xx.o
                0x1a000350                ResetISR
 .text.Enable_DAC
                0x1a000414       0x24 ./src/dac.o
                0x1a000414                Enable_DAC
 .text.Values_DAC
                0x1a000438       0x54 ./src/dac.o
                0x1a000438                Values_DAC
 .text.Distance_interrupt
                0x1a00048c       0x22 ./src/distance_sensor.o
                0x1a00048c                Distance_interrupt
 *fill*         0x1a0004ae        0x2 ff
 .text.distance_sensor_trigger
                0x1a0004b0       0x2c ./src/distance_sensor.o
                0x1a0004b0                distance_sensor_trigger
 .text.distance_sensor_listen_echo
                0x1a0004dc       0x90 ./src/distance_sensor.o
                0x1a0004dc                distance_sensor_listen_echo
 .text.distance_cm
                0x1a00056c       0x24 ./src/distance_sensor.o
                0x1a00056c                distance_cm
 .text.GPIO_SetPinDIR
                0x1a000590       0x7e ./src/gpio_set.o
                0x1a000590                GPIO_SetPinDIR
 .text.GPIO_SetPin
                0x1a00060e       0x7c ./src/gpio_set.o
                0x1a00060e                GPIO_SetPin
 .text.GPIO_TogglePin
                0x1a00068a       0x40 ./src/gpio_set.o
                0x1a00068a                GPIO_TogglePin
 *fill*         0x1a0006ca        0x2 ff
 .text.Enable_NVIC
                0x1a0006cc       0x68 ./src/interruptions.o
                0x1a0006cc                Enable_NVIC
 .text.SelectEdge_PIN_INT
                0x1a000734       0x34 ./src/interruptions.o
                0x1a000734                SelectEdge_PIN_INT
 .text.Enable_FallingEdge
                0x1a000768       0x30 ./src/interruptions.o
                0x1a000768                Enable_FallingEdge
 .text.Enable_RisingEdge
                0x1a000798       0x30 ./src/interruptions.o
                0x1a000798                Enable_RisingEdge
 .text.Select_GPIO_interrupt
                0x1a0007c8       0x68 ./src/interruptions.o
                0x1a0007c8                Select_GPIO_interrupt
 .text.LED_cfg  0x1a000830       0xd4 ./src/leds_setup.o
                0x1a000830                LED_cfg
 .text.LED_high
                0x1a000904       0xa0 ./src/leds_setup.o
                0x1a000904                LED_high
 .text.LED_low  0x1a0009a4       0xa0 ./src/leds_setup.o
                0x1a0009a4                LED_low
 .text.LED_toggle
                0x1a000a44       0xa0 ./src/leds_setup.o
                0x1a000a44                LED_toggle
 .text.LED_ALL  0x1a000ae4       0x2c ./src/leds_setup.o
                0x1a000ae4                LED_ALL
 .text.PERIPHERAL_init
                0x1a000b10       0x22 ./src/main.o
                0x1a000b10                PERIPHERAL_init
 .text.DAC_init
                0x1a000b32       0x12 ./src/main.o
                0x1a000b32                DAC_init
 .text.SCU_init
                0x1a000b44       0x44 ./src/main.o
                0x1a000b44                SCU_init
 .text.GPIO_init
                0x1a000b88       0x3c ./src/main.o
                0x1a000b88                GPIO_init
 .text.TIMERS_init
                0x1a000bc4       0x34 ./src/main.o
                0x1a000bc4                TIMERS_init
 .text.NVIC_init
                0x1a000bf8       0x1e ./src/main.o
                0x1a000bf8                NVIC_init
 *fill*         0x1a000c16        0x2 ff
 .text.GPIO0_IRQHandler
                0x1a000c18       0x40 ./src/main.o
                0x1a000c18                GPIO0_IRQHandler
 .text.main     0x1a000c58       0x94 ./src/main.o
                0x1a000c58                main
 .text.SCU_SetPin
                0x1a000cec       0x4e ./src/scu_set.o
                0x1a000cec                SCU_SetPin
 *fill*         0x1a000d3a        0x2 ff
 .text.SCU_EnableBuffer
                0x1a000d3c       0x40 ./src/scu_set.o
                0x1a000d3c                SCU_EnableBuffer
 .text.SCU_enablePD_disablePU
                0x1a000d7c       0x60 ./src/scu_set.o
                0x1a000d7c                SCU_enablePD_disablePU
 .text.SystemInit
                0x1a000ddc       0x28 ./src/sysinit.o
                0x1a000ddc                SystemInit
 .text.Clock_enable
                0x1a000e04       0x74 ./src/timers.o
                0x1a000e04                Clock_enable
 .text.TIMER_getPTR
                0x1a000e78       0x60 ./src/timers.o
                0x1a000e78                TIMER_getPTR
 .text.TIMER_init
                0x1a000ed8       0x30 ./src/timers.o
                0x1a000ed8                TIMER_init
 .text.TIMER_enable
                0x1a000f08       0x28 ./src/timers.o
                0x1a000f08                TIMER_enable
 .text.TIMER_disable
                0x1a000f30       0x28 ./src/timers.o
                0x1a000f30                TIMER_disable
 .text.TIMER_ReadCount
                0x1a000f58       0x20 ./src/timers.o
                0x1a000f58                TIMER_ReadCount
 .text.TIMER_reset
                0x1a000f78       0x44 ./src/timers.o
                0x1a000f78                TIMER_reset
 .text.TIMER_SetFrequency
                0x1a000fbc       0x34 ./src/timers.o
                0x1a000fbc                TIMER_SetFrequency
 .text.delay_us
                0x1a000ff0       0x48 ./src/timers.o
                0x1a000ff0                delay_us
 .text.vibrator_ON
                0x1a001038       0x4c ./src/vibrator.o
                0x1a001038                vibrator_ON
 .text.vibrator_OFF
                0x1a001084        0xe ./src/vibrator.o
                0x1a001084                vibrator_OFF
 *fill*         0x1a001092        0x2 ff
 .text.zone     0x1a001094       0xc0 ./src/zones.o
                0x1a001094                zone
 .text.fpuInit  0x1a001154       0x74 C:\Users\manci\Documents\MCUXpressoIDE_10.2.0_759\workspace\lpc_chip_43xx\Debug\liblpc_chip_43xx.a(fpu_init.o)
                0x1a001154                fpuInit
 .text.Chip_Clock_DisableMainPLL
                0x1a0011c8       0x20 C:\Users\manci\Documents\MCUXpressoIDE_10.2.0_759\workspace\lpc_chip_43xx\Debug\liblpc_chip_43xx.a(sysinit_18xx_43xx.o)
 .text.Chip_Clock_SetupMainPLL
                0x1a0011e8       0x44 C:\Users\manci\Documents\MCUXpressoIDE_10.2.0_759\workspace\lpc_chip_43xx\Debug\liblpc_chip_43xx.a(sysinit_18xx_43xx.o)
 .text.Chip_Clock_MainPLLLocked
                0x1a00122c       0x24 C:\Users\manci\Documents\MCUXpressoIDE_10.2.0_759\workspace\lpc_chip_43xx\Debug\liblpc_chip_43xx.a(sysinit_18xx_43xx.o)
 .text.Chip_SetupCoreClock
                0x1a001250      0x15c C:\Users\manci\Documents\MCUXpressoIDE_10.2.0_759\workspace\lpc_chip_43xx\Debug\liblpc_chip_43xx.a(sysinit_18xx_43xx.o)
                0x1a001250                Chip_SetupCoreClock
 .text.Chip_SetupIrcClocking
                0x1a0013ac       0x18 C:\Users\manci\Documents\MCUXpressoIDE_10.2.0_759\workspace\lpc_chip_43xx\Debug\liblpc_chip_43xx.a(sysinit_18xx_43xx.o)
                0x1a0013ac                Chip_SetupIrcClocking
 .text.Chip_SystemInit
                0x1a0013c4        0xc C:\Users\manci\Documents\MCUXpressoIDE_10.2.0_759\workspace\lpc_chip_43xx\Debug\liblpc_chip_43xx.a(sysinit_18xx_43xx.o)
                0x1a0013c4                Chip_SystemInit
 .text.ABS      0x1a0013d0       0x22 C:\Users\manci\Documents\MCUXpressoIDE_10.2.0_759\workspace\lpc_chip_43xx\Debug\liblpc_chip_43xx.a(clock_18xx_43xx.o)
 *fill*         0x1a0013f2        0x2 ff
 .text.pll_calc_divs
                0x1a0013f4      0x124 C:\Users\manci\Documents\MCUXpressoIDE_10.2.0_759\workspace\lpc_chip_43xx\Debug\liblpc_chip_43xx.a(clock_18xx_43xx.o)
 .text.pll_get_frac
                0x1a001518      0x176 C:\Users\manci\Documents\MCUXpressoIDE_10.2.0_759\workspace\lpc_chip_43xx\Debug\liblpc_chip_43xx.a(clock_18xx_43xx.o)
 .text.Chip_Clock_GetDivRate
                0x1a00168e       0x40 C:\Users\manci\Documents\MCUXpressoIDE_10.2.0_759\workspace\lpc_chip_43xx\Debug\liblpc_chip_43xx.a(clock_18xx_43xx.o)
 *fill*         0x1a0016ce        0x2 ff
 .text.Chip_Clock_EnableCrystal
                0x1a0016d0       0x70 C:\Users\manci\Documents\MCUXpressoIDE_10.2.0_759\workspace\lpc_chip_43xx\Debug\liblpc_chip_43xx.a(clock_18xx_43xx.o)
                0x1a0016d0                Chip_Clock_EnableCrystal
 .text.Chip_Clock_CalcMainPLLValue
                0x1a001740       0xd8 C:\Users\manci\Documents\MCUXpressoIDE_10.2.0_759\workspace\lpc_chip_43xx\Debug\liblpc_chip_43xx.a(clock_18xx_43xx.o)
                0x1a001740                Chip_Clock_CalcMainPLLValue
 .text.Chip_Clock_GetMainPLLHz
                0x1a001818       0xc0 C:\Users\manci\Documents\MCUXpressoIDE_10.2.0_759\workspace\lpc_chip_43xx\Debug\liblpc_chip_43xx.a(clock_18xx_43xx.o)
                0x1a001818                Chip_Clock_GetMainPLLHz
 .text.Chip_Clock_GetDividerSource
                0x1a0018d8       0x40 C:\Users\manci\Documents\MCUXpressoIDE_10.2.0_759\workspace\lpc_chip_43xx\Debug\liblpc_chip_43xx.a(clock_18xx_43xx.o)
                0x1a0018d8                Chip_Clock_GetDividerSource
 .text.Chip_Clock_GetDividerDivisor
                0x1a001918       0x38 C:\Users\manci\Documents\MCUXpressoIDE_10.2.0_759\workspace\lpc_chip_43xx\Debug\liblpc_chip_43xx.a(clock_18xx_43xx.o)
                0x1a001918                Chip_Clock_GetDividerDivisor
 .text.Chip_Clock_GetClockInputHz
                0x1a001950      0x140 C:\Users\manci\Documents\MCUXpressoIDE_10.2.0_759\workspace\lpc_chip_43xx\Debug\liblpc_chip_43xx.a(clock_18xx_43xx.o)
                0x1a001950                Chip_Clock_GetClockInputHz
 .text.Chip_Clock_SetBaseClock
                0x1a001a90       0x9c C:\Users\manci\Documents\MCUXpressoIDE_10.2.0_759\workspace\lpc_chip_43xx\Debug\liblpc_chip_43xx.a(clock_18xx_43xx.o)
                0x1a001a90                Chip_Clock_SetBaseClock
 .text.memset   0x1a001b2c        0x4 c:/nxp/mcuxpressoide_10.2.0_759/ide/tools/bin/../lib/gcc/arm-none-eabi/7.2.1/../../../../arm-none-eabi/lib/thumb/v7e-m/fpv4-sp/softfp\libcr_c.a(memset.o)
                0x1a001b2c                memset
 .text.__weak_main
                0x1a001b30        0x4 c:/nxp/mcuxpressoide_10.2.0_759/ide/tools/bin/../lib/gcc/arm-none-eabi/7.2.1/../../../../arm-none-eabi/lib/thumb/v7e-m/fpv4-sp/softfp\libcr_c.a(__weak__main.o)
                0x1a001b30                __weak_main
                0x1a001b30                __main
 .text.__aeabi_memset_lowlevel
                0x1a001b34       0x32 c:/nxp/mcuxpressoide_10.2.0_759/ide/tools/bin/../lib/gcc/arm-none-eabi/7.2.1/thumb/v7e-m/fpv4-sp/softfp\libcr_eabihelpers.a(memcpy.o)
                0x1a001b34                __aeabi_lowlevel_memset
 *(.rodata .rodata.* .constdata .constdata.*)
 *fill*         0x1a001b66        0x2 ff
 .rodata.ExtRateIn
                0x1a001b68        0x4 ./src/sysinit.o
                0x1a001b68                ExtRateIn
 .rodata.OscRateIn
                0x1a001b6c        0x4 ./src/sysinit.o
                0x1a001b6c                OscRateIn
 .rodata.InitClkStates
                0x1a001b70       0x48 C:\Users\manci\Documents\MCUXpressoIDE_10.2.0_759\workspace\lpc_chip_43xx\Debug\liblpc_chip_43xx.a(sysinit_18xx_43xx.o)
 .rodata        0x1a001bb8        0xa C:\Users\manci\Documents\MCUXpressoIDE_10.2.0_759\workspace\lpc_chip_43xx\Debug\liblpc_chip_43xx.a(clock_18xx_43xx.o)
                0x1a001bc4                . = ALIGN (0x4)
 *fill*         0x1a001bc2        0x2 ff

.glue_7         0x1a001bc4        0x0
 .glue_7        0x1a001bc4        0x0 linker stubs

.glue_7t        0x1a001bc4        0x0
 .glue_7t       0x1a001bc4        0x0 linker stubs

.vfp11_veneer   0x1a001bc4        0x0
 .vfp11_veneer  0x1a001bc4        0x0 linker stubs

.v4_bx          0x1a001bc4        0x0
 .v4_bx         0x1a001bc4        0x0 linker stubs

.iplt           0x1a001bc4        0x0
 .iplt          0x1a001bc4        0x0 ./src/PWM.o

.rel.dyn        0x1a001bc4        0x0
 .rel.iplt      0x1a001bc4        0x0 ./src/PWM.o

.ARM.extab
 *(.ARM.extab* .gnu.linkonce.armextab.*)
                0x1a001bc4                __exidx_start = .

.ARM.exidx
 *(.ARM.exidx* .gnu.linkonce.armexidx.*)
                0x1a001bc4                __exidx_end = .
                0x1a001bc4                _etext = .

.data_RAM2      0x10080000        0x0 load address 0x1a001bc4
 FILL mask 0xff
                [!provide]                PROVIDE (__start_data_RAM2, .)
 *(.ramfunc.$RAM2)
 *(.ramfunc.$RamLoc40)
 *(.data.$RAM2*)
 *(.data.$RamLoc40*)
                0x10080000                . = ALIGN (0x4)
                [!provide]                PROVIDE (__end_data_RAM2, .)

.data_RAM3      0x20000000        0x0 load address 0x1a001bc4
 FILL mask 0xff
                [!provide]                PROVIDE (__start_data_RAM3, .)
 *(.ramfunc.$RAM3)
 *(.ramfunc.$RamAHB32)
 *(.data.$RAM3*)
 *(.data.$RamAHB32*)
                0x20000000                . = ALIGN (0x4)
                [!provide]                PROVIDE (__end_data_RAM3, .)

.data_RAM4      0x20008000        0x0 load address 0x1a001bc4
 FILL mask 0xff
                [!provide]                PROVIDE (__start_data_RAM4, .)
 *(.ramfunc.$RAM4)
 *(.ramfunc.$RamAHB16)
 *(.data.$RAM4*)
 *(.data.$RamAHB16*)
                0x20008000                . = ALIGN (0x4)
                [!provide]                PROVIDE (__end_data_RAM4, .)

.data_RAM5      0x2000c000        0x0 load address 0x1a001bc4
 FILL mask 0xff
                [!provide]                PROVIDE (__start_data_RAM5, .)
 *(.ramfunc.$RAM5)
 *(.ramfunc.$RamAHB_ETB16)
 *(.data.$RAM5*)
 *(.data.$RamAHB_ETB16*)
                0x2000c000                . = ALIGN (0x4)
                [!provide]                PROVIDE (__end_data_RAM5, .)

.uninit_RESERVED
                0x10000000        0x0
 *(.bss.$RESERVED*)
                0x10000000                . = ALIGN (0x4)
                0x10000000                _end_uninit_RESERVED = .

.data           0x10000000        0x0 load address 0x1a001bc4
 FILL mask 0xff
                0x10000000                _data = .
 *(vtable)
 *(.ramfunc*)
 *(.data*)
                0x10000000                . = ALIGN (0x4)
                0x10000000                _edata = .

.igot.plt       0x10000000        0x0 load address 0x1a001bc4
 .igot.plt      0x10000000        0x0 ./src/PWM.o

.bss_RAM2       0x10080000        0x0
                [!provide]                PROVIDE (__start_bss_RAM2, .)
 *(.bss.$RAM2*)
 *(.bss.$RamLoc40*)
                0x10080000                . = ALIGN ((. != 0x0)?0x4:0x1)
                [!provide]                PROVIDE (__end_bss_RAM2, .)

.bss_RAM3       0x20000000        0x0
                [!provide]                PROVIDE (__start_bss_RAM3, .)
 *(.bss.$RAM3*)
 *(.bss.$RamAHB32*)
                0x20000000                . = ALIGN ((. != 0x0)?0x4:0x1)
                [!provide]                PROVIDE (__end_bss_RAM3, .)

.bss_RAM4       0x20008000        0x0
                [!provide]                PROVIDE (__start_bss_RAM4, .)
 *(.bss.$RAM4*)
 *(.bss.$RamAHB16*)
                0x20008000                . = ALIGN ((. != 0x0)?0x4:0x1)
                [!provide]                PROVIDE (__end_bss_RAM4, .)

.bss_RAM5       0x2000c000        0x0
                [!provide]                PROVIDE (__start_bss_RAM5, .)
 *(.bss.$RAM5*)
 *(.bss.$RamAHB_ETB16*)
                0x2000c000                . = ALIGN ((. != 0x0)?0x4:0x1)
                [!provide]                PROVIDE (__end_bss_RAM5, .)

.bss            0x10000000        0xc
                0x10000000                _bss = .
 *(.bss*)
 .bss.GPIO_FLAG
                0x10000000        0x1 ./src/main.o
                0x10000000                GPIO_FLAG
 *fill*         0x10000001        0x3 
 .bss.audio_usb_pll_freq
                0x10000004        0x8 C:\Users\manci\Documents\MCUXpressoIDE_10.2.0_759\workspace\lpc_chip_43xx\Debug\liblpc_chip_43xx.a(clock_18xx_43xx.o)
 *(COMMON)
                0x1000000c                . = ALIGN (0x4)
                0x1000000c                _ebss = .
                [!provide]                PROVIDE (end, .)

.noinit_RAM2    0x10080000        0x0
 *(.noinit.$RAM2*)
 *(.noinit.$RamLoc40*)
                0x10080000                . = ALIGN (0x4)

.noinit_RAM3    0x20000000        0x0
 *(.noinit.$RAM3*)
 *(.noinit.$RamAHB32*)
                0x20000000                . = ALIGN (0x4)

.noinit_RAM4    0x20008000        0x0
 *(.noinit.$RAM4*)
 *(.noinit.$RamAHB16*)
                0x20008000                . = ALIGN (0x4)

.noinit_RAM5    0x2000c000        0x0
 *(.noinit.$RAM5*)
 *(.noinit.$RamAHB_ETB16*)
                0x2000c000                . = ALIGN (0x4)

.noinit         0x1000000c        0x0
                0x1000000c                _noinit = .
 *(.noinit*)
                0x1000000c                . = ALIGN (0x4)
                0x1000000c                _end_noinit = .
                [!provide]                PROVIDE (_pvHeapStart, DEFINED (__user_heap_base)?__user_heap_base:.)
                0x10008000                PROVIDE (_vStackTop, DEFINED (__user_stack_top)?__user_stack_top:(__top_RamLoc32 - 0x0))
                0x53ff72aa                PROVIDE (__valid_user_code_checksum, (0x0 - ((((((_vStackTop + (ResetISR + 0x1)) + (NMI_Handler + 0x1)) + (HardFault_Handler + 0x1)) + (DEFINED (MemManage_Handler)?MemManage_Handler:0x0 + 0x1)) + (DEFINED (BusFault_Handler)?BusFault_Handler:0x0 + 0x1)) + (DEFINED (UsageFault_Handler)?UsageFault_Handler:0x0 + 0x1))))
                0x1a000000                _image_start = LOADADDR (.text)
                0x1a001bc4                _image_end = (LOADADDR (.data) + SIZEOF (.data))
                0x00001bc4                _image_size = (_image_end - _image_start)
OUTPUT(Final_D2_LPCOpen.axf elf32-littlearm)

.debug_info     0x00000000     0x4af3
 .debug_info    0x00000000      0x216 ./src/PWM.o
 .debug_info    0x00000216      0x299 ./src/cr_startup_lpc43xx.o
 .debug_info    0x000004af      0x26b ./src/dac.o
 .debug_info    0x0000071a      0x24f ./src/distance_sensor.o
 .debug_info    0x00000969      0x26b ./src/gpio_set.o
 .debug_info    0x00000bd4      0x580 ./src/interruptions.o
 .debug_info    0x00001154      0x44e ./src/leds_setup.o
 .debug_info    0x000015a2      0x640 ./src/main.o
 .debug_info    0x00001be2      0x278 ./src/scu_set.o
 .debug_info    0x00001e5a      0x5fa ./src/sysinit.o
 .debug_info    0x00002454      0x3a9 ./src/timers.o
 .debug_info    0x000027fd      0x108 ./src/vibrator.o
 .debug_info    0x00002905      0x17b ./src/zones.o
 .debug_info    0x00002a80      0x156 C:\Users\manci\Documents\MCUXpressoIDE_10.2.0_759\workspace\lpc_chip_43xx\Debug\liblpc_chip_43xx.a(fpu_init.o)
 .debug_info    0x00002bd6      0x95a C:\Users\manci\Documents\MCUXpressoIDE_10.2.0_759\workspace\lpc_chip_43xx\Debug\liblpc_chip_43xx.a(sysinit_18xx_43xx.o)
 .debug_info    0x00003530     0x15c3 C:\Users\manci\Documents\MCUXpressoIDE_10.2.0_759\workspace\lpc_chip_43xx\Debug\liblpc_chip_43xx.a(clock_18xx_43xx.o)

.debug_abbrev   0x00000000     0x1308
 .debug_abbrev  0x00000000      0x117 ./src/PWM.o
 .debug_abbrev  0x00000117      0x10c ./src/cr_startup_lpc43xx.o
 .debug_abbrev  0x00000223      0x10a ./src/dac.o
 .debug_abbrev  0x0000032d      0x143 ./src/distance_sensor.o
 .debug_abbrev  0x00000470      0x11e ./src/gpio_set.o
 .debug_abbrev  0x0000058e      0x12d ./src/interruptions.o
 .debug_abbrev  0x000006bb      0x158 ./src/leds_setup.o
 .debug_abbrev  0x00000813      0x168 ./src/main.o
 .debug_abbrev  0x0000097b       0xd0 ./src/scu_set.o
 .debug_abbrev  0x00000a4b       0xf9 ./src/sysinit.o
 .debug_abbrev  0x00000b44      0x149 ./src/timers.o
 .debug_abbrev  0x00000c8d       0xa9 ./src/vibrator.o
 .debug_abbrev  0x00000d36       0x9e ./src/zones.o
 .debug_abbrev  0x00000dd4       0xaa C:\Users\manci\Documents\MCUXpressoIDE_10.2.0_759\workspace\lpc_chip_43xx\Debug\liblpc_chip_43xx.a(fpu_init.o)
 .debug_abbrev  0x00000e7e      0x1af C:\Users\manci\Documents\MCUXpressoIDE_10.2.0_759\workspace\lpc_chip_43xx\Debug\liblpc_chip_43xx.a(sysinit_18xx_43xx.o)
 .debug_abbrev  0x0000102d      0x2db C:\Users\manci\Documents\MCUXpressoIDE_10.2.0_759\workspace\lpc_chip_43xx\Debug\liblpc_chip_43xx.a(clock_18xx_43xx.o)

.debug_aranges  0x00000000      0x4d0
 .debug_aranges
                0x00000000       0x20 ./src/PWM.o
 .debug_aranges
                0x00000020       0x80 ./src/cr_startup_lpc43xx.o
 .debug_aranges
                0x000000a0       0x30 ./src/dac.o
 .debug_aranges
                0x000000d0       0x38 ./src/distance_sensor.o
 .debug_aranges
                0x00000108       0x38 ./src/gpio_set.o
 .debug_aranges
                0x00000140       0x40 ./src/interruptions.o
 .debug_aranges
                0x00000180       0x50 ./src/leds_setup.o
 .debug_aranges
                0x000001d0       0x58 ./src/main.o
 .debug_aranges
                0x00000228       0x38 ./src/scu_set.o
 .debug_aranges
                0x00000260       0x20 ./src/sysinit.o
 .debug_aranges
                0x00000280       0x60 ./src/timers.o
 .debug_aranges
                0x000002e0       0x28 ./src/vibrator.o
 .debug_aranges
                0x00000308       0x20 ./src/zones.o
 .debug_aranges
                0x00000328       0x20 C:\Users\manci\Documents\MCUXpressoIDE_10.2.0_759\workspace\lpc_chip_43xx\Debug\liblpc_chip_43xx.a(fpu_init.o)
 .debug_aranges
                0x00000348       0x50 C:\Users\manci\Documents\MCUXpressoIDE_10.2.0_759\workspace\lpc_chip_43xx\Debug\liblpc_chip_43xx.a(sysinit_18xx_43xx.o)
 .debug_aranges
                0x00000398      0x138 C:\Users\manci\Documents\MCUXpressoIDE_10.2.0_759\workspace\lpc_chip_43xx\Debug\liblpc_chip_43xx.a(clock_18xx_43xx.o)

.debug_ranges   0x00000000      0x3e8
 .debug_ranges  0x00000000       0x10 ./src/PWM.o
 .debug_ranges  0x00000010       0x70 ./src/cr_startup_lpc43xx.o
 .debug_ranges  0x00000080       0x20 ./src/dac.o
 .debug_ranges  0x000000a0       0x28 ./src/distance_sensor.o
 .debug_ranges  0x000000c8       0x28 ./src/gpio_set.o
 .debug_ranges  0x000000f0       0x30 ./src/interruptions.o
 .debug_ranges  0x00000120       0x40 ./src/leds_setup.o
 .debug_ranges  0x00000160       0x48 ./src/main.o
 .debug_ranges  0x000001a8       0x28 ./src/scu_set.o
 .debug_ranges  0x000001d0       0x10 ./src/sysinit.o
 .debug_ranges  0x000001e0       0x50 ./src/timers.o
 .debug_ranges  0x00000230       0x18 ./src/vibrator.o
 .debug_ranges  0x00000248       0x10 ./src/zones.o
 .debug_ranges  0x00000258       0x10 C:\Users\manci\Documents\MCUXpressoIDE_10.2.0_759\workspace\lpc_chip_43xx\Debug\liblpc_chip_43xx.a(fpu_init.o)
 .debug_ranges  0x00000268       0x40 C:\Users\manci\Documents\MCUXpressoIDE_10.2.0_759\workspace\lpc_chip_43xx\Debug\liblpc_chip_43xx.a(sysinit_18xx_43xx.o)
 .debug_ranges  0x000002a8      0x140 C:\Users\manci\Documents\MCUXpressoIDE_10.2.0_759\workspace\lpc_chip_43xx\Debug\liblpc_chip_43xx.a(clock_18xx_43xx.o)

.debug_macro    0x00000000     0x6483
 .debug_macro   0x00000000       0xf3 ./src/PWM.o
 .debug_macro   0x000000f3      0xa78 ./src/PWM.o
 .debug_macro   0x00000b6b       0x46 ./src/PWM.o
 .debug_macro   0x00000bb1       0x10 ./src/PWM.o
 .debug_macro   0x00000bc1       0xc4 ./src/PWM.o
 .debug_macro   0x00000c85       0x22 ./src/PWM.o
 .debug_macro   0x00000ca7       0x16 ./src/PWM.o
 .debug_macro   0x00000cbd       0x10 ./src/PWM.o
 .debug_macro   0x00000ccd       0x52 ./src/PWM.o
 .debug_macro   0x00000d1f       0x76 ./src/PWM.o
 .debug_macro   0x00000d95       0x1d ./src/cr_startup_lpc43xx.o
 .debug_macro   0x00000db2       0x77 ./src/dac.o
 .debug_macro   0x00000e29       0xdd ./src/distance_sensor.o
 .debug_macro   0x00000f06       0x7c ./src/distance_sensor.o
 .debug_macro   0x00000f82       0x28 ./src/gpio_set.o
 .debug_macro   0x00000faa       0x28 ./src/interruptions.o
 .debug_macro   0x00000fd2       0x38 ./src/leds_setup.o
 .debug_macro   0x0000100a      0x12d ./src/main.o
 .debug_macro   0x00001137       0x28 ./src/scu_set.o
 .debug_macro   0x0000115f      0x2da ./src/sysinit.o
 .debug_macro   0x00001439       0x10 ./src/sysinit.o
 .debug_macro   0x00001449      0x12d ./src/sysinit.o
 .debug_macro   0x00001576      0x5b2 ./src/sysinit.o
 .debug_macro   0x00001b28       0x7b ./src/sysinit.o
 .debug_macro   0x00001ba3       0x28 ./src/sysinit.o
 .debug_macro   0x00001bcb       0x3b ./src/sysinit.o
 .debug_macro   0x00001c06       0x2d ./src/sysinit.o
 .debug_macro   0x00001c33       0x42 ./src/sysinit.o
 .debug_macro   0x00001c75      0xd39 ./src/sysinit.o
 .debug_macro   0x000029ae      0x2bc ./src/sysinit.o
 .debug_macro   0x00002c6a      0x112 ./src/sysinit.o
 .debug_macro   0x00002d7c       0x11 ./src/sysinit.o
 .debug_macro   0x00002d8d       0x2a ./src/sysinit.o
 .debug_macro   0x00002db7       0x16 ./src/sysinit.o
 .debug_macro   0x00002dcd      0x2e6 ./src/sysinit.o
 .debug_macro   0x000030b3       0x82 ./src/sysinit.o
 .debug_macro   0x00003135      0x13d ./src/sysinit.o
 .debug_macro   0x00003272      0x198 ./src/sysinit.o
 .debug_macro   0x0000340a       0x34 ./src/sysinit.o
 .debug_macro   0x0000343e       0x58 ./src/sysinit.o
 .debug_macro   0x00003496      0x236 ./src/sysinit.o
 .debug_macro   0x000036cc      0x572 ./src/sysinit.o
 .debug_macro   0x00003c3e       0x16 ./src/sysinit.o
 .debug_macro   0x00003c54      0x18a ./src/sysinit.o
 .debug_macro   0x00003dde       0x88 ./src/sysinit.o
 .debug_macro   0x00003e66      0x1b9 ./src/sysinit.o
 .debug_macro   0x0000401f      0x1da ./src/sysinit.o
 .debug_macro   0x000041f9       0x40 ./src/sysinit.o
 .debug_macro   0x00004239       0x1c ./src/sysinit.o
 .debug_macro   0x00004255       0x2e ./src/sysinit.o
 .debug_macro   0x00004283       0x2e ./src/sysinit.o
 .debug_macro   0x000042b1       0x22 ./src/sysinit.o
 .debug_macro   0x000042d3      0x201 ./src/sysinit.o
 .debug_macro   0x000044d4       0xe0 ./src/sysinit.o
 .debug_macro   0x000045b4      0x34c ./src/sysinit.o
 .debug_macro   0x00004900       0xdc ./src/sysinit.o
 .debug_macro   0x000049dc       0xc4 ./src/sysinit.o
 .debug_macro   0x00004aa0       0x94 ./src/sysinit.o
 .debug_macro   0x00004b34       0xb8 ./src/sysinit.o
 .debug_macro   0x00004bec       0x4c ./src/sysinit.o
 .debug_macro   0x00004c38       0x16 ./src/sysinit.o
 .debug_macro   0x00004c4e      0x328 ./src/sysinit.o
 .debug_macro   0x00004f76       0x3a ./src/sysinit.o
 .debug_macro   0x00004fb0       0xd0 ./src/sysinit.o
 .debug_macro   0x00005080       0x18 ./src/sysinit.o
 .debug_macro   0x00005098       0x22 ./src/sysinit.o
 .debug_macro   0x000050ba       0x40 ./src/sysinit.o
 .debug_macro   0x000050fa       0xdd ./src/timers.o
 .debug_macro   0x000051d7       0xe3 ./src/vibrator.o
 .debug_macro   0x000052ba       0xe9 ./src/zones.o
 .debug_macro   0x000053a3       0xc0 C:\Users\manci\Documents\MCUXpressoIDE_10.2.0_759\workspace\lpc_chip_43xx\Debug\liblpc_chip_43xx.a(fpu_init.o)
 .debug_macro   0x00005463      0xa66 C:\Users\manci\Documents\MCUXpressoIDE_10.2.0_759\workspace\lpc_chip_43xx\Debug\liblpc_chip_43xx.a(fpu_init.o)
 .debug_macro   0x00005ec9      0x2da C:\Users\manci\Documents\MCUXpressoIDE_10.2.0_759\workspace\lpc_chip_43xx\Debug\liblpc_chip_43xx.a(sysinit_18xx_43xx.o)
 .debug_macro   0x000061a3      0x2e0 C:\Users\manci\Documents\MCUXpressoIDE_10.2.0_759\workspace\lpc_chip_43xx\Debug\liblpc_chip_43xx.a(clock_18xx_43xx.o)

.debug_line     0x00000000     0x2d99
 .debug_line    0x00000000      0x219 ./src/PWM.o
 .debug_line    0x00000219       0xf8 ./src/cr_startup_lpc43xx.o
 .debug_line    0x00000311      0x168 ./src/dac.o
 .debug_line    0x00000479      0x239 ./src/distance_sensor.o
 .debug_line    0x000006b2       0xd7 ./src/gpio_set.o
 .debug_line    0x00000789       0xfe ./src/interruptions.o
 .debug_line    0x00000887      0x217 ./src/leds_setup.o
 .debug_line    0x00000a9e      0x2b0 ./src/main.o
 .debug_line    0x00000d4e       0xca ./src/scu_set.o
 .debug_line    0x00000e18      0x5e3 ./src/sysinit.o
 .debug_line    0x000013fb      0x2a1 ./src/timers.o
 .debug_line    0x0000169c      0x1ff ./src/vibrator.o
 .debug_line    0x0000189b      0x1fb ./src/zones.o
 .debug_line    0x00001a96      0x1fa C:\Users\manci\Documents\MCUXpressoIDE_10.2.0_759\workspace\lpc_chip_43xx\Debug\liblpc_chip_43xx.a(fpu_init.o)
 .debug_line    0x00001c90      0x6bc C:\Users\manci\Documents\MCUXpressoIDE_10.2.0_759\workspace\lpc_chip_43xx\Debug\liblpc_chip_43xx.a(sysinit_18xx_43xx.o)
 .debug_line    0x0000234c      0xa4d C:\Users\manci\Documents\MCUXpressoIDE_10.2.0_759\workspace\lpc_chip_43xx\Debug\liblpc_chip_43xx.a(clock_18xx_43xx.o)

.debug_str      0x00000000    0x1813b
 .debug_str     0x00000000     0x3770 ./src/PWM.o
                               0x389f (size before relaxing)
 .debug_str     0x00003770      0x1f2 ./src/cr_startup_lpc43xx.o
                               0x2f56 (size before relaxing)
 .debug_str     0x00003962      0x107 ./src/dac.o
                               0x3568 (size before relaxing)
 .debug_str     0x00003a69       0x99 ./src/distance_sensor.o
                               0x38e2 (size before relaxing)
 .debug_str     0x00003b02       0x78 ./src/gpio_set.o
                               0x2f18 (size before relaxing)
 .debug_str     0x00003b7a      0x41d ./src/interruptions.o
                               0x3364 (size before relaxing)
 .debug_str     0x00003f97       0x79 ./src/leds_setup.o
                               0x2fb5 (size before relaxing)
 .debug_str     0x00004010       0xcc ./src/main.o
                               0x3ce0 (size before relaxing)
 .debug_str     0x000040dc       0x61 ./src/scu_set.o
                               0x2f5e (size before relaxing)
 .debug_str     0x0000413d    0x133dd ./src/sysinit.o
                              0x162b3 (size before relaxing)
 .debug_str     0x0001751a       0xd0 ./src/timers.o
                               0x3903 (size before relaxing)
 .debug_str     0x000175ea       0x38 ./src/vibrator.o
                               0x3863 (size before relaxing)
 .debug_str     0x00017622       0x1f ./src/zones.o
                               0x3897 (size before relaxing)
 .debug_str     0x00017641      0x1f3 C:\Users\manci\Documents\MCUXpressoIDE_10.2.0_759\workspace\lpc_chip_43xx\Debug\liblpc_chip_43xx.a(fpu_init.o)
                               0xa0d1 (size before relaxing)
 .debug_str     0x00017834      0x2ed C:\Users\manci\Documents\MCUXpressoIDE_10.2.0_759\workspace\lpc_chip_43xx\Debug\liblpc_chip_43xx.a(sysinit_18xx_43xx.o)
                              0x1655b (size before relaxing)
 .debug_str     0x00017b21      0x61a C:\Users\manci\Documents\MCUXpressoIDE_10.2.0_759\workspace\lpc_chip_43xx\Debug\liblpc_chip_43xx.a(clock_18xx_43xx.o)
                              0x16afb (size before relaxing)

.comment        0x00000000       0x7e
 .comment       0x00000000       0x7e ./src/PWM.o
                                 0x7f (size before relaxing)
 .comment       0x0000007e       0x7f ./src/cr_startup_lpc43xx.o
 .comment       0x0000007e       0x7f ./src/dac.o
 .comment       0x0000007e       0x7f ./src/distance_sensor.o
 .comment       0x0000007e       0x7f ./src/gpio_set.o
 .comment       0x0000007e       0x7f ./src/interruptions.o
 .comment       0x0000007e       0x7f ./src/leds_setup.o
 .comment       0x0000007e       0x7f ./src/main.o
 .comment       0x0000007e       0x7f ./src/scu_set.o
 .comment       0x0000007e       0x7f ./src/sysinit.o
 .comment       0x0000007e       0x7f ./src/timers.o
 .comment       0x0000007e       0x7f ./src/vibrator.o
 .comment       0x0000007e       0x7f ./src/zones.o
 .comment       0x0000007e       0x7f C:\Users\manci\Documents\MCUXpressoIDE_10.2.0_759\workspace\lpc_chip_43xx\Debug\liblpc_chip_43xx.a(fpu_init.o)
 .comment       0x0000007e       0x7f C:\Users\manci\Documents\MCUXpressoIDE_10.2.0_759\workspace\lpc_chip_43xx\Debug\liblpc_chip_43xx.a(sysinit_18xx_43xx.o)
 .comment       0x0000007e       0x7f C:\Users\manci\Documents\MCUXpressoIDE_10.2.0_759\workspace\lpc_chip_43xx\Debug\liblpc_chip_43xx.a(clock_18xx_43xx.o)
 .comment       0x0000007e       0x7f c:/nxp/mcuxpressoide_10.2.0_759/ide/tools/bin/../lib/gcc/arm-none-eabi/7.2.1/../../../../arm-none-eabi/lib/thumb/v7e-m/fpv4-sp/softfp\libcr_c.a(memset.o)
 .comment       0x0000007e       0x7f c:/nxp/mcuxpressoide_10.2.0_759/ide/tools/bin/../lib/gcc/arm-none-eabi/7.2.1/../../../../arm-none-eabi/lib/thumb/v7e-m/fpv4-sp/softfp\libcr_c.a(__weak__main.o)

.ARM.attributes
                0x00000000       0x35
 .ARM.attributes
                0x00000000       0x37 ./src/PWM.o
 .ARM.attributes
                0x00000037       0x37 ./src/cr_startup_lpc43xx.o
 .ARM.attributes
                0x0000006e       0x37 ./src/dac.o
 .ARM.attributes
                0x000000a5       0x37 ./src/distance_sensor.o
 .ARM.attributes
                0x000000dc       0x37 ./src/gpio_set.o
 .ARM.attributes
                0x00000113       0x37 ./src/interruptions.o
 .ARM.attributes
                0x0000014a       0x37 ./src/leds_setup.o
 .ARM.attributes
                0x00000181       0x37 ./src/main.o
 .ARM.attributes
                0x000001b8       0x37 ./src/scu_set.o
 .ARM.attributes
                0x000001ef       0x37 ./src/sysinit.o
 .ARM.attributes
                0x00000226       0x37 ./src/timers.o
 .ARM.attributes
                0x0000025d       0x37 ./src/vibrator.o
 .ARM.attributes
                0x00000294       0x37 ./src/zones.o
 .ARM.attributes
                0x000002cb       0x37 C:\Users\manci\Documents\MCUXpressoIDE_10.2.0_759\workspace\lpc_chip_43xx\Debug\liblpc_chip_43xx.a(fpu_init.o)
 .ARM.attributes
                0x00000302       0x37 C:\Users\manci\Documents\MCUXpressoIDE_10.2.0_759\workspace\lpc_chip_43xx\Debug\liblpc_chip_43xx.a(sysinit_18xx_43xx.o)
 .ARM.attributes
                0x00000339       0x37 C:\Users\manci\Documents\MCUXpressoIDE_10.2.0_759\workspace\lpc_chip_43xx\Debug\liblpc_chip_43xx.a(clock_18xx_43xx.o)
 .ARM.attributes
                0x00000370       0x37 c:/nxp/mcuxpressoide_10.2.0_759/ide/tools/bin/../lib/gcc/arm-none-eabi/7.2.1/../../../../arm-none-eabi/lib/thumb/v7e-m/fpv4-sp/softfp\libcr_c.a(memset.o)
 .ARM.attributes
                0x000003a7       0x37 c:/nxp/mcuxpressoide_10.2.0_759/ide/tools/bin/../lib/gcc/arm-none-eabi/7.2.1/../../../../arm-none-eabi/lib/thumb/v7e-m/fpv4-sp/softfp\libcr_c.a(__weak__main.o)
 .ARM.attributes
                0x000003de       0x25 c:/nxp/mcuxpressoide_10.2.0_759/ide/tools/bin/../lib/gcc/arm-none-eabi/7.2.1/thumb/v7e-m/fpv4-sp/softfp\libcr_eabihelpers.a(memcpy.o)

.debug_frame    0x00000000      0xf84
 .debug_frame   0x00000000       0x34 ./src/PWM.o
 .debug_frame   0x00000034      0x170 ./src/cr_startup_lpc43xx.o
 .debug_frame   0x000001a4       0x78 ./src/dac.o
 .debug_frame   0x0000021c       0x9c ./src/distance_sensor.o
 .debug_frame   0x000002b8       0xb0 ./src/gpio_set.o
 .debug_frame   0x00000368       0xd8 ./src/interruptions.o
 .debug_frame   0x00000440       0xf4 ./src/leds_setup.o
 .debug_frame   0x00000534       0xf8 ./src/main.o
 .debug_frame   0x0000062c       0xb0 ./src/scu_set.o
 .debug_frame   0x000006dc       0x34 ./src/sysinit.o
 .debug_frame   0x00000710      0x15c ./src/timers.o
 .debug_frame   0x0000086c       0x50 ./src/vibrator.o
 .debug_frame   0x000008bc       0x34 ./src/zones.o
 .debug_frame   0x000008f0       0x38 C:\Users\manci\Documents\MCUXpressoIDE_10.2.0_759\workspace\lpc_chip_43xx\Debug\liblpc_chip_43xx.a(fpu_init.o)
 .debug_frame   0x00000928       0xf4 C:\Users\manci\Documents\MCUXpressoIDE_10.2.0_759\workspace\lpc_chip_43xx\Debug\liblpc_chip_43xx.a(sysinit_18xx_43xx.o)
 .debug_frame   0x00000a1c      0x568 C:\Users\manci\Documents\MCUXpressoIDE_10.2.0_759\workspace\lpc_chip_43xx\Debug\liblpc_chip_43xx.a(clock_18xx_43xx.o)

Cross Reference Table

Symbol                                            File
ADC0_IRQHandler                                   ./src/cr_startup_lpc43xx.o
ADC1_IRQHandler                                   ./src/cr_startup_lpc43xx.o
ADCHS_IRQHandler                                  ./src/cr_startup_lpc43xx.o
ATIMER_IRQHandler                                 ./src/cr_startup_lpc43xx.o
BusFault_Handler                                  ./src/cr_startup_lpc43xx.o
CAN0_IRQHandler                                   ./src/cr_startup_lpc43xx.o
CAN1_IRQHandler                                   ./src/cr_startup_lpc43xx.o
CRP_WORD                                          ./src/crp.o
Chip_Clock_CalcMainPLLValue                       C:\Users\manci\Documents\MCUXpressoIDE_10.2.0_759\workspace\lpc_chip_43xx\Debug\liblpc_chip_43xx.a(clock_18xx_43xx.o)
                                                  C:\Users\manci\Documents\MCUXpressoIDE_10.2.0_759\workspace\lpc_chip_43xx\Debug\liblpc_chip_43xx.a(sysinit_18xx_43xx.o)
Chip_Clock_ClearPowerDown                         C:\Users\manci\Documents\MCUXpressoIDE_10.2.0_759\workspace\lpc_chip_43xx\Debug\liblpc_chip_43xx.a(clock_18xx_43xx.o)
Chip_Clock_Disable                                C:\Users\manci\Documents\MCUXpressoIDE_10.2.0_759\workspace\lpc_chip_43xx\Debug\liblpc_chip_43xx.a(clock_18xx_43xx.o)
Chip_Clock_DisableBaseClock                       C:\Users\manci\Documents\MCUXpressoIDE_10.2.0_759\workspace\lpc_chip_43xx\Debug\liblpc_chip_43xx.a(clock_18xx_43xx.o)
Chip_Clock_DisableCrystal                         C:\Users\manci\Documents\MCUXpressoIDE_10.2.0_759\workspace\lpc_chip_43xx\Debug\liblpc_chip_43xx.a(clock_18xx_43xx.o)
Chip_Clock_DisablePLL                             C:\Users\manci\Documents\MCUXpressoIDE_10.2.0_759\workspace\lpc_chip_43xx\Debug\liblpc_chip_43xx.a(clock_18xx_43xx.o)
Chip_Clock_Enable                                 C:\Users\manci\Documents\MCUXpressoIDE_10.2.0_759\workspace\lpc_chip_43xx\Debug\liblpc_chip_43xx.a(clock_18xx_43xx.o)
Chip_Clock_EnableBaseClock                        C:\Users\manci\Documents\MCUXpressoIDE_10.2.0_759\workspace\lpc_chip_43xx\Debug\liblpc_chip_43xx.a(clock_18xx_43xx.o)
Chip_Clock_EnableCrystal                          C:\Users\manci\Documents\MCUXpressoIDE_10.2.0_759\workspace\lpc_chip_43xx\Debug\liblpc_chip_43xx.a(clock_18xx_43xx.o)
                                                  C:\Users\manci\Documents\MCUXpressoIDE_10.2.0_759\workspace\lpc_chip_43xx\Debug\liblpc_chip_43xx.a(sysinit_18xx_43xx.o)
Chip_Clock_EnableOpts                             C:\Users\manci\Documents\MCUXpressoIDE_10.2.0_759\workspace\lpc_chip_43xx\Debug\liblpc_chip_43xx.a(clock_18xx_43xx.o)
Chip_Clock_EnablePLL                              C:\Users\manci\Documents\MCUXpressoIDE_10.2.0_759\workspace\lpc_chip_43xx\Debug\liblpc_chip_43xx.a(clock_18xx_43xx.o)
Chip_Clock_GetBaseClock                           C:\Users\manci\Documents\MCUXpressoIDE_10.2.0_759\workspace\lpc_chip_43xx\Debug\liblpc_chip_43xx.a(clock_18xx_43xx.o)
Chip_Clock_GetBaseClockOpts                       C:\Users\manci\Documents\MCUXpressoIDE_10.2.0_759\workspace\lpc_chip_43xx\Debug\liblpc_chip_43xx.a(clock_18xx_43xx.o)
Chip_Clock_GetBaseClocktHz                        C:\Users\manci\Documents\MCUXpressoIDE_10.2.0_759\workspace\lpc_chip_43xx\Debug\liblpc_chip_43xx.a(clock_18xx_43xx.o)
Chip_Clock_GetClockInputHz                        C:\Users\manci\Documents\MCUXpressoIDE_10.2.0_759\workspace\lpc_chip_43xx\Debug\liblpc_chip_43xx.a(clock_18xx_43xx.o)
Chip_Clock_GetDividerDivisor                      C:\Users\manci\Documents\MCUXpressoIDE_10.2.0_759\workspace\lpc_chip_43xx\Debug\liblpc_chip_43xx.a(clock_18xx_43xx.o)
Chip_Clock_GetDividerSource                       C:\Users\manci\Documents\MCUXpressoIDE_10.2.0_759\workspace\lpc_chip_43xx\Debug\liblpc_chip_43xx.a(clock_18xx_43xx.o)
Chip_Clock_GetEMCRate                             C:\Users\manci\Documents\MCUXpressoIDE_10.2.0_759\workspace\lpc_chip_43xx\Debug\liblpc_chip_43xx.a(clock_18xx_43xx.o)
Chip_Clock_GetMainPLLHz                           C:\Users\manci\Documents\MCUXpressoIDE_10.2.0_759\workspace\lpc_chip_43xx\Debug\liblpc_chip_43xx.a(clock_18xx_43xx.o)
Chip_Clock_GetPLLStatus                           C:\Users\manci\Documents\MCUXpressoIDE_10.2.0_759\workspace\lpc_chip_43xx\Debug\liblpc_chip_43xx.a(clock_18xx_43xx.o)
Chip_Clock_GetRate                                C:\Users\manci\Documents\MCUXpressoIDE_10.2.0_759\workspace\lpc_chip_43xx\Debug\liblpc_chip_43xx.a(clock_18xx_43xx.o)
Chip_Clock_IsBaseClockEnabled                     C:\Users\manci\Documents\MCUXpressoIDE_10.2.0_759\workspace\lpc_chip_43xx\Debug\liblpc_chip_43xx.a(clock_18xx_43xx.o)
Chip_Clock_RTCEnable                              C:\Users\manci\Documents\MCUXpressoIDE_10.2.0_759\workspace\lpc_chip_43xx\Debug\liblpc_chip_43xx.a(clock_18xx_43xx.o)
Chip_Clock_SetBaseClock                           C:\Users\manci\Documents\MCUXpressoIDE_10.2.0_759\workspace\lpc_chip_43xx\Debug\liblpc_chip_43xx.a(clock_18xx_43xx.o)
                                                  C:\Users\manci\Documents\MCUXpressoIDE_10.2.0_759\workspace\lpc_chip_43xx\Debug\liblpc_chip_43xx.a(sysinit_18xx_43xx.o)
Chip_Clock_SetDivider                             C:\Users\manci\Documents\MCUXpressoIDE_10.2.0_759\workspace\lpc_chip_43xx\Debug\liblpc_chip_43xx.a(clock_18xx_43xx.o)
Chip_Clock_SetupMainPLLHz                         C:\Users\manci\Documents\MCUXpressoIDE_10.2.0_759\workspace\lpc_chip_43xx\Debug\liblpc_chip_43xx.a(clock_18xx_43xx.o)
Chip_Clock_SetupMainPLLMult                       C:\Users\manci\Documents\MCUXpressoIDE_10.2.0_759\workspace\lpc_chip_43xx\Debug\liblpc_chip_43xx.a(clock_18xx_43xx.o)
Chip_Clock_SetupPLL                               C:\Users\manci\Documents\MCUXpressoIDE_10.2.0_759\workspace\lpc_chip_43xx\Debug\liblpc_chip_43xx.a(clock_18xx_43xx.o)
Chip_Clock_StartPowerDown                         C:\Users\manci\Documents\MCUXpressoIDE_10.2.0_759\workspace\lpc_chip_43xx\Debug\liblpc_chip_43xx.a(clock_18xx_43xx.o)
Chip_SetupCoreClock                               C:\Users\manci\Documents\MCUXpressoIDE_10.2.0_759\workspace\lpc_chip_43xx\Debug\liblpc_chip_43xx.a(sysinit_18xx_43xx.o)
Chip_SetupIrcClocking                             C:\Users\manci\Documents\MCUXpressoIDE_10.2.0_759\workspace\lpc_chip_43xx\Debug\liblpc_chip_43xx.a(sysinit_18xx_43xx.o)
Chip_SetupXtalClocking                            C:\Users\manci\Documents\MCUXpressoIDE_10.2.0_759\workspace\lpc_chip_43xx\Debug\liblpc_chip_43xx.a(sysinit_18xx_43xx.o)
Chip_SystemInit                                   C:\Users\manci\Documents\MCUXpressoIDE_10.2.0_759\workspace\lpc_chip_43xx\Debug\liblpc_chip_43xx.a(sysinit_18xx_43xx.o)
                                                  ./src/sysinit.o
Clock_enable                                      ./src/timers.o
DAC_IRQHandler                                    ./src/cr_startup_lpc43xx.o
DAC_init                                          ./src/main.o
DMA_IRQHandler                                    ./src/cr_startup_lpc43xx.o
DebugMon_Handler                                  ./src/cr_startup_lpc43xx.o
Distance_interrupt                                ./src/distance_sensor.o
                                                  ./src/main.o
ETH_IRQHandler                                    ./src/cr_startup_lpc43xx.o
EVRT_IRQHandler                                   ./src/cr_startup_lpc43xx.o
Enable_DAC                                        ./src/dac.o
                                                  ./src/main.o
Enable_DMA                                        ./src/dac.o
Enable_FallingEdge                                ./src/interruptions.o
                                                  ./src/distance_sensor.o
Enable_NVIC                                       ./src/interruptions.o
                                                  ./src/main.o
Enable_RisingEdge                                 ./src/interruptions.o
                                                  ./src/distance_sensor.o
ExtRateIn                                         ./src/sysinit.o
                                                  C:\Users\manci\Documents\MCUXpressoIDE_10.2.0_759\workspace\lpc_chip_43xx\Debug\liblpc_chip_43xx.a(clock_18xx_43xx.o)
FLASH_EEPROM_IRQHandler                           ./src/cr_startup_lpc43xx.o
GINT0_IRQHandler                                  ./src/cr_startup_lpc43xx.o
GINT1_IRQHandler                                  ./src/cr_startup_lpc43xx.o
GPIO0_IRQHandler                                  ./src/main.o
                                                  ./src/cr_startup_lpc43xx.o
GPIO1_IRQHandler                                  ./src/cr_startup_lpc43xx.o
GPIO2_IRQHandler                                  ./src/cr_startup_lpc43xx.o
GPIO3_IRQHandler                                  ./src/cr_startup_lpc43xx.o
GPIO4_IRQHandler                                  ./src/cr_startup_lpc43xx.o
GPIO5_IRQHandler                                  ./src/cr_startup_lpc43xx.o
GPIO6_IRQHandler                                  ./src/cr_startup_lpc43xx.o
GPIO7_IRQHandler                                  ./src/cr_startup_lpc43xx.o
GPIO_FLAG                                         ./src/main.o
                                                  ./src/distance_sensor.o
GPIO_GetPinState                                  ./src/gpio_set.o
                                                  ./src/tec_setup.o
GPIO_SetPin                                       ./src/gpio_set.o
                                                  ./src/main.o
                                                  ./src/leds_setup.o
                                                  ./src/distance_sensor.o
                                                  ./src/PWM.o
GPIO_SetPinDIR                                    ./src/gpio_set.o
                                                  ./src/tec_setup.o
                                                  ./src/main.o
                                                  ./src/leds_setup.o
GPIO_TogglePin                                    ./src/gpio_set.o
                                                  ./src/leds_setup.o
                                                  ./src/PWM.o
GPIO_init                                         ./src/main.o
HardFault_Handler                                 ./src/cr_startup_lpc43xx.o
I2C0_IRQHandler                                   ./src/cr_startup_lpc43xx.o
I2C1_IRQHandler                                   ./src/cr_startup_lpc43xx.o
I2S0_IRQHandler                                   ./src/cr_startup_lpc43xx.o
I2S1_IRQHandler                                   ./src/cr_startup_lpc43xx.o
IntDefaultHandler                                 ./src/cr_startup_lpc43xx.o
LCD_IRQHandler                                    ./src/cr_startup_lpc43xx.o
LED_ALL                                           ./src/leds_setup.o
                                                  ./src/main.o
LED_ALL_OFF                                       ./src/leds_setup.o
LED_ALL_ON                                        ./src/leds_setup.o
LED_cfg                                           ./src/leds_setup.o
LED_high                                          ./src/leds_setup.o
                                                  ./src/zones.o
LED_low                                           ./src/leds_setup.o
                                                  ./src/zones.o
LED_toggle                                        ./src/leds_setup.o
                                                  ./src/main.o
M0APP_IRQHandler                                  ./src/cr_startup_lpc43xx.o
M0SUB_IRQHandler                                  ./src/cr_startup_lpc43xx.o
MCPWM_IRQHandler                                  ./src/cr_startup_lpc43xx.o
MemManage_Handler                                 ./src/cr_startup_lpc43xx.o
NMI_Handler                                       ./src/cr_startup_lpc43xx.o
NVIC_init                                         ./src/main.o
OscRateIn                                         ./src/sysinit.o
                                                  C:\Users\manci\Documents\MCUXpressoIDE_10.2.0_759\workspace\lpc_chip_43xx\Debug\liblpc_chip_43xx.a(clock_18xx_43xx.o)
PERIPHERAL_init                                   ./src/main.o
PWM_pulse                                         ./src/PWM.o
                                                  ./src/zones.o
PendSV_Handler                                    ./src/cr_startup_lpc43xx.o
QEI_IRQHandler                                    ./src/cr_startup_lpc43xx.o
RIT_IRQHandler                                    ./src/cr_startup_lpc43xx.o
RTC_IRQHandler                                    ./src/cr_startup_lpc43xx.o
ResetISR                                          ./src/cr_startup_lpc43xx.o
SAMPLES_NUM                                       ./src/dac.o
SCT_IRQHandler                                    ./src/cr_startup_lpc43xx.o
SCU_DisableGlitchFilter                           ./src/scu_set.o
SCU_EnableBuffer                                  ./src/scu_set.o
                                                  ./src/main.o
SCU_SetEZI                                        ./src/tec_setup.o
SCU_SetPin                                        ./src/scu_set.o
                                                  ./src/tec_setup.o
                                                  ./src/main.o
                                                  ./src/leds_setup.o
SCU_enablePD_disablePU                            ./src/scu_set.o
                                                  ./src/main.o
SCU_init                                          ./src/main.o
SDIO_IRQHandler                                   ./src/cr_startup_lpc43xx.o
SGPIO_IRQHandler                                  ./src/cr_startup_lpc43xx.o
SPIFI_IRQHandler                                  ./src/cr_startup_lpc43xx.o
SPI_IRQHandler                                    ./src/cr_startup_lpc43xx.o
SSP0_IRQHandler                                   ./src/cr_startup_lpc43xx.o
SSP1_IRQHandler                                   ./src/cr_startup_lpc43xx.o
SVC_Handler                                       ./src/cr_startup_lpc43xx.o
SelectEdge_PIN_INT                                ./src/interruptions.o
                                                  ./src/distance_sensor.o
Select_GPIO_interrupt                             ./src/interruptions.o
                                                  ./src/main.o
SysTick_Handler                                   ./src/cr_startup_lpc43xx.o
SystemInit                                        ./src/sysinit.o
                                                  ./src/cr_startup_lpc43xx.o
TEC_ALL                                           ./src/tec_setup.o
TEC_GetState                                      ./src/tec_setup.o
TEC_cfg                                           ./src/tec_setup.o
TIMER0_IRQHandler                                 ./src/cr_startup_lpc43xx.o
TIMER1_IRQHandler                                 ./src/cr_startup_lpc43xx.o
TIMER2_IRQHandler                                 ./src/cr_startup_lpc43xx.o
TIMER3_IRQHandler                                 ./src/cr_startup_lpc43xx.o
TIMERS_init                                       ./src/main.o
TIMER_ReadCount                                   ./src/timers.o
                                                  ./src/distance_sensor.o
TIMER_SetFrequency                                ./src/timers.o
                                                  ./src/main.o
TIMER_disable                                     ./src/timers.o
TIMER_enable                                      ./src/timers.o
                                                  ./src/distance_sensor.o
TIMER_getPTR                                      ./src/timers.o
TIMER_init                                        ./src/timers.o
                                                  ./src/main.o
TIMER_reset                                       ./src/timers.o
                                                  ./src/main.o
                                                  ./src/distance_sensor.o
UART0_IRQHandler                                  ./src/cr_startup_lpc43xx.o
UART1_IRQHandler                                  ./src/cr_startup_lpc43xx.o
UART2_IRQHandler                                  ./src/cr_startup_lpc43xx.o
UART3_IRQHandler                                  ./src/cr_startup_lpc43xx.o
USB0_IRQHandler                                   ./src/cr_startup_lpc43xx.o
USB1_IRQHandler                                   ./src/cr_startup_lpc43xx.o
UsageFault_Handler                                ./src/cr_startup_lpc43xx.o
Values_DAC                                        ./src/dac.o
                                                  ./src/vibrator.o
                                                  ./src/main.o
WDT_IRQHandler                                    ./src/cr_startup_lpc43xx.o
__aeabi_lowlevel_memset                           c:/nxp/mcuxpressoide_10.2.0_759/ide/tools/bin/../lib/gcc/arm-none-eabi/7.2.1/thumb/v7e-m/fpv4-sp/softfp\libcr_eabihelpers.a(memcpy.o)
                                                  c:/nxp/mcuxpressoide_10.2.0_759/ide/tools/bin/../lib/gcc/arm-none-eabi/7.2.1/../../../../arm-none-eabi/lib/thumb/v7e-m/fpv4-sp/softfp\libcr_c.a(memset.o)
__aeabi_memclr                                    c:/nxp/mcuxpressoide_10.2.0_759/ide/tools/bin/../lib/gcc/arm-none-eabi/7.2.1/thumb/v7e-m/fpv4-sp/softfp\libcr_eabihelpers.a(memcpy.o)
__aeabi_memclr4                                   c:/nxp/mcuxpressoide_10.2.0_759/ide/tools/bin/../lib/gcc/arm-none-eabi/7.2.1/thumb/v7e-m/fpv4-sp/softfp\libcr_eabihelpers.a(memcpy.o)
__aeabi_memclr8                                   c:/nxp/mcuxpressoide_10.2.0_759/ide/tools/bin/../lib/gcc/arm-none-eabi/7.2.1/thumb/v7e-m/fpv4-sp/softfp\libcr_eabihelpers.a(memcpy.o)
__aeabi_memcpy                                    c:/nxp/mcuxpressoide_10.2.0_759/ide/tools/bin/../lib/gcc/arm-none-eabi/7.2.1/thumb/v7e-m/fpv4-sp/softfp\libcr_eabihelpers.a(memcpy.o)
__aeabi_memcpy4                                   c:/nxp/mcuxpressoide_10.2.0_759/ide/tools/bin/../lib/gcc/arm-none-eabi/7.2.1/thumb/v7e-m/fpv4-sp/softfp\libcr_eabihelpers.a(memcpy.o)
__aeabi_memcpy8                                   c:/nxp/mcuxpressoide_10.2.0_759/ide/tools/bin/../lib/gcc/arm-none-eabi/7.2.1/thumb/v7e-m/fpv4-sp/softfp\libcr_eabihelpers.a(memcpy.o)
__aeabi_memmove                                   c:/nxp/mcuxpressoide_10.2.0_759/ide/tools/bin/../lib/gcc/arm-none-eabi/7.2.1/thumb/v7e-m/fpv4-sp/softfp\libcr_eabihelpers.a(memcpy.o)
__aeabi_memmove4                                  c:/nxp/mcuxpressoide_10.2.0_759/ide/tools/bin/../lib/gcc/arm-none-eabi/7.2.1/thumb/v7e-m/fpv4-sp/softfp\libcr_eabihelpers.a(memcpy.o)
__aeabi_memmove8                                  c:/nxp/mcuxpressoide_10.2.0_759/ide/tools/bin/../lib/gcc/arm-none-eabi/7.2.1/thumb/v7e-m/fpv4-sp/softfp\libcr_eabihelpers.a(memcpy.o)
__aeabi_memset                                    c:/nxp/mcuxpressoide_10.2.0_759/ide/tools/bin/../lib/gcc/arm-none-eabi/7.2.1/thumb/v7e-m/fpv4-sp/softfp\libcr_eabihelpers.a(memcpy.o)
__aeabi_memset4                                   c:/nxp/mcuxpressoide_10.2.0_759/ide/tools/bin/../lib/gcc/arm-none-eabi/7.2.1/thumb/v7e-m/fpv4-sp/softfp\libcr_eabihelpers.a(memcpy.o)
__aeabi_memset8                                   c:/nxp/mcuxpressoide_10.2.0_759/ide/tools/bin/../lib/gcc/arm-none-eabi/7.2.1/thumb/v7e-m/fpv4-sp/softfp\libcr_eabihelpers.a(memcpy.o)
__bss_section_table_end                           ./src/cr_startup_lpc43xx.o
__data_section_table                              ./src/cr_startup_lpc43xx.o
__data_section_table_end                          ./src/cr_startup_lpc43xx.o
__main                                            c:/nxp/mcuxpressoide_10.2.0_759/ide/tools/bin/../lib/gcc/arm-none-eabi/7.2.1/../../../../arm-none-eabi/lib/thumb/v7e-m/fpv4-sp/softfp\libcr_c.a(__weak__main.o)
                                                  ./src/cr_startup_lpc43xx.o
__valid_user_code_checksum                        ./src/cr_startup_lpc43xx.o
__weak_main                                       c:/nxp/mcuxpressoide_10.2.0_759/ide/tools/bin/../lib/gcc/arm-none-eabi/7.2.1/../../../../arm-none-eabi/lib/thumb/v7e-m/fpv4-sp/softfp\libcr_c.a(__weak__main.o)
_vStackTop                                        ./src/cr_startup_lpc43xx.o
bss_init                                          ./src/cr_startup_lpc43xx.o
data_init                                         ./src/cr_startup_lpc43xx.o
delay_us                                          ./src/timers.o
                                                  ./src/zones.o
                                                  ./src/main.o
                                                  ./src/distance_sensor.o
                                                  ./src/PWM.o
distance_cm                                       ./src/distance_sensor.o
distance_sensor_listen_echo                       ./src/distance_sensor.o
                                                  ./src/main.o
distance_sensor_trigger                           ./src/distance_sensor.o
                                                  ./src/main.o
fpuInit                                           C:\Users\manci\Documents\MCUXpressoIDE_10.2.0_759\workspace\lpc_chip_43xx\Debug\liblpc_chip_43xx.a(fpu_init.o)
                                                  ./src/sysinit.o
g_pfnVectors                                      ./src/cr_startup_lpc43xx.o
                                                  ./src/sysinit.o
main                                              ./src/main.o
                                                  c:/nxp/mcuxpressoide_10.2.0_759/ide/tools/bin/../lib/gcc/arm-none-eabi/7.2.1/../../../../arm-none-eabi/lib/thumb/v7e-m/fpv4-sp/softfp\libcr_c.a(__weak__main.o)
memset                                            c:/nxp/mcuxpressoide_10.2.0_759/ide/tools/bin/../lib/gcc/arm-none-eabi/7.2.1/../../../../arm-none-eabi/lib/thumb/v7e-m/fpv4-sp/softfp\libcr_c.a(memset.o)
                                                  C:\Users\manci\Documents\MCUXpressoIDE_10.2.0_759\workspace\lpc_chip_43xx\Debug\liblpc_chip_43xx.a(clock_18xx_43xx.o)
toggle                                            ./src/leds_setup.o
vibrator_OFF                                      ./src/vibrator.o
                                                  ./src/main.o
vibrator_ON                                       ./src/vibrator.o
                                                  ./src/main.o
zone                                              ./src/zones.o
                                                  ./src/main.o
