Archive member included to satisfy reference by file (symbol)

C:\Users\manci\Documents\MCUXpressoIDE_10.2.0_759\workspace\lpc_chip_43xx\Debug\liblpc_chip_43xx.a(clock_18xx_43xx.o)
                              ./src/uart_18xx_43xx.o (Chip_Clock_EnableOpts)
C:\Users\manci\Documents\MCUXpressoIDE_10.2.0_759\workspace\lpc_chip_43xx\Debug\liblpc_chip_43xx.a(fpu_init.o)
                              ./src/sysinit.o (fpuInit)
C:\Users\manci\Documents\MCUXpressoIDE_10.2.0_759\workspace\lpc_chip_43xx\Debug\liblpc_chip_43xx.a(ring_buffer.o)
                              ./src/uart_18xx_43xx.o (RingBuffer_Insert)
C:\Users\manci\Documents\MCUXpressoIDE_10.2.0_759\workspace\lpc_chip_43xx\Debug\liblpc_chip_43xx.a(sysinit_18xx_43xx.o)
                              ./src/sysinit.o (Chip_SystemInit)
c:/nxp/mcuxpressoide_10.2.0_759/ide/tools/bin/../lib/gcc/arm-none-eabi/7.2.1/../../../../arm-none-eabi/lib/thumb/v7e-m/fpv4-sp/softfp\libcr_c.a(memcpy.o)
                              C:\Users\manci\Documents\MCUXpressoIDE_10.2.0_759\workspace\lpc_chip_43xx\Debug\liblpc_chip_43xx.a(ring_buffer.o) (memcpy)
c:/nxp/mcuxpressoide_10.2.0_759/ide/tools/bin/../lib/gcc/arm-none-eabi/7.2.1/../../../../arm-none-eabi/lib/thumb/v7e-m/fpv4-sp/softfp\libcr_c.a(memset.o)
                              C:\Users\manci\Documents\MCUXpressoIDE_10.2.0_759\workspace\lpc_chip_43xx\Debug\liblpc_chip_43xx.a(clock_18xx_43xx.o) (memset)
c:/nxp/mcuxpressoide_10.2.0_759/ide/tools/bin/../lib/gcc/arm-none-eabi/7.2.1/../../../../arm-none-eabi/lib/thumb/v7e-m/fpv4-sp/softfp\libcr_c.a(__weak__main.o)
                              ./src/cr_startup_lpc43xx.o (__main)
c:/nxp/mcuxpressoide_10.2.0_759/ide/tools/bin/../lib/gcc/arm-none-eabi/7.2.1/../../../../arm-none-eabi/lib/thumb/v7e-m/fpv4-sp/softfp\libcr_c.a(sin.o)
                              ./src/dac.o (sin)
c:/nxp/mcuxpressoide_10.2.0_759/ide/tools/bin/../lib/gcc/arm-none-eabi/7.2.1/../../../../arm-none-eabi/lib/thumb/v7e-m/fpv4-sp/softfp\libcr_c.a(_sincos.o)
                              c:/nxp/mcuxpressoide_10.2.0_759/ide/tools/bin/../lib/gcc/arm-none-eabi/7.2.1/../../../../arm-none-eabi/lib/thumb/v7e-m/fpv4-sp/softfp\libcr_c.a(sin.o) (_sincos)
c:/nxp/mcuxpressoide_10.2.0_759/ide/tools/bin/../lib/gcc/arm-none-eabi/7.2.1/../../../../arm-none-eabi/lib/thumb/v7e-m/fpv4-sp/softfp\libcr_c.a(errno.o)
                              c:/nxp/mcuxpressoide_10.2.0_759/ide/tools/bin/../lib/gcc/arm-none-eabi/7.2.1/../../../../arm-none-eabi/lib/thumb/v7e-m/fpv4-sp/softfp\libcr_c.a(_sincos.o) (errno)
c:/nxp/mcuxpressoide_10.2.0_759/ide/tools/bin/../lib/gcc/arm-none-eabi/7.2.1/../../../../arm-none-eabi/lib/thumb/v7e-m/fpv4-sp/softfp\libcr_c.a(fabs.o)
                              c:/nxp/mcuxpressoide_10.2.0_759/ide/tools/bin/../lib/gcc/arm-none-eabi/7.2.1/../../../../arm-none-eabi/lib/thumb/v7e-m/fpv4-sp/softfp\libcr_c.a(_sincos.o) (fabs)
c:/nxp/mcuxpressoide_10.2.0_759/ide/tools/bin/../lib/gcc/arm-none-eabi/7.2.1/../../../../arm-none-eabi/lib/thumb/v7e-m/fpv4-sp/softfp\libcr_c.a(_hugeval.o)
                              c:/nxp/mcuxpressoide_10.2.0_759/ide/tools/bin/../lib/gcc/arm-none-eabi/7.2.1/../../../../arm-none-eabi/lib/thumb/v7e-m/fpv4-sp/softfp\libcr_c.a(_sincos.o) (__huge_val)
c:/nxp/mcuxpressoide_10.2.0_759/ide/tools/bin/../lib/gcc/arm-none-eabi/7.2.1/thumb/v7e-m/fpv4-sp/softfp\libcr_eabihelpers.a(division_64.o)
                              ./src/uart_18xx_43xx.o (__aeabi_uldivmod)
c:/nxp/mcuxpressoide_10.2.0_759/ide/tools/bin/../lib/gcc/arm-none-eabi/7.2.1/thumb/v7e-m/fpv4-sp/softfp\libcr_eabihelpers.a(division_idiv0.o)
                              c:/nxp/mcuxpressoide_10.2.0_759/ide/tools/bin/../lib/gcc/arm-none-eabi/7.2.1/thumb/v7e-m/fpv4-sp/softfp\libcr_eabihelpers.a(division_64.o) (__aeabi_idiv0)
c:/nxp/mcuxpressoide_10.2.0_759/ide/tools/bin/../lib/gcc/arm-none-eabi/7.2.1/thumb/v7e-m/fpv4-sp/softfp\libcr_eabihelpers.a(double.o)
                              ./src/dac.o (__aeabi_dmul)
c:/nxp/mcuxpressoide_10.2.0_759/ide/tools/bin/../lib/gcc/arm-none-eabi/7.2.1/thumb/v7e-m/fpv4-sp/softfp\libcr_eabihelpers.a(float.o)
                              ./src/dac.o (__aeabi_f2d)
c:/nxp/mcuxpressoide_10.2.0_759/ide/tools/bin/../lib/gcc/arm-none-eabi/7.2.1/thumb/v7e-m/fpv4-sp/softfp\libcr_eabihelpers.a(memcpy.o)
                              c:/nxp/mcuxpressoide_10.2.0_759/ide/tools/bin/../lib/gcc/arm-none-eabi/7.2.1/../../../../arm-none-eabi/lib/thumb/v7e-m/fpv4-sp/softfp\libcr_c.a(memcpy.o) (__aeabi_memcpy)

Discarded input sections

 .group         0x00000000        0xc ./src/cr_startup_lpc43xx.o
 .text          0x00000000        0x0 ./src/cr_startup_lpc43xx.o
 .data          0x00000000        0x0 ./src/cr_startup_lpc43xx.o
 .bss           0x00000000        0x0 ./src/cr_startup_lpc43xx.o
 .group         0x00000000        0xc ./src/crp.o
 .group         0x00000000        0xc ./src/crp.o
 .text          0x00000000        0x0 ./src/crp.o
 .data          0x00000000        0x0 ./src/crp.o
[...]
Memory Configuration

Name             Origin             Length             Attributes
MFlashA512       0x1a000000         0x00080000         xr
MFlashB512       0x1b000000         0x00080000         xr
RamLoc32         0x10000000         0x00008000         xrw
RamLoc40         0x10080000         0x0000a000         xrw
RamAHB32         0x20000000         0x00008000         xrw
RamAHB16         0x20008000         0x00004000         xrw
RamAHB_ETB16     0x2000c000         0x00004000         xrw
*default*        0x00000000         0xffffffff

Linker script and memory map

LOAD ./src/cr_startup_lpc43xx.o
LOAD ./src/crp.o
LOAD ./src/dac.o
LOAD ./src/distance_sensor.o
LOAD ./src/gpio_set.o
LOAD ./src/interruptions.o
LOAD ./src/leds_setup.o
LOAD ./src/main.o
LOAD ./src/scu_set.o
LOAD ./src/sysinit.o
LOAD ./src/tec_setup.o
LOAD ./src/timers.o
LOAD ./src/uart_18xx_43xx.o
LOAD ./src/vibrator.o
LOAD ./src/zones.o
LOAD C:\Users\manci\Documents\MCUXpressoIDE_10.2.0_759\workspace\lpc_chip_43xx\Debug\liblpc_chip_43xx.a
START GROUP
LOAD c:/nxp/mcuxpressoide_10.2.0_759/ide/tools/bin/../lib/gcc/arm-none-eabi/7.2.1/../../../../arm-none-eabi/lib/thumb/v7e-m/fpv4-sp/softfp\libcr_c.a
LOAD c:/nxp/mcuxpressoide_10.2.0_759/ide/tools/bin/../lib/gcc/arm-none-eabi/7.2.1/thumb/v7e-m/fpv4-sp/softfp\libcr_eabihelpers.a
END GROUP
                0x1a000000                __base_MFlashA512 = 0x1a000000
                0x1a000000                __base_Flash = 0x1a000000
                0x1a080000                __top_MFlashA512 = 0x1a080000
                0x1a080000                __top_Flash = 0x1a080000
                0x1b000000                __base_MFlashB512 = 0x1b000000
                0x1b000000                __base_Flash2 = 0x1b000000
                0x1b080000                __top_MFlashB512 = 0x1b080000
                0x1b080000                __top_Flash2 = 0x1b080000
                0x10000000                __base_RamLoc32 = 0x10000000
                0x10000000                __base_RAM = 0x10000000
                0x10008000                __top_RamLoc32 = 0x10008000
                0x10008000                __top_RAM = 0x10008000
                0x10080000                __base_RamLoc40 = 0x10080000
                0x10080000                __base_RAM2 = 0x10080000
                0x1008a000                __top_RamLoc40 = 0x1008a000
                0x1008a000                __top_RAM2 = 0x1008a000
                0x20000000                __base_RamAHB32 = 0x20000000
                0x20000000                __base_RAM3 = 0x20000000
                0x20008000                __top_RamAHB32 = 0x20008000
                0x20008000                __top_RAM3 = 0x20008000
                0x20008000                __base_RamAHB16 = 0x20008000
                0x20008000                __base_RAM4 = 0x20008000
                0x2000c000                __top_RamAHB16 = 0x2000c000
                0x2000c000                __top_RAM4 = 0x2000c000
                0x2000c000                __base_RamAHB_ETB16 = 0x2000c000
                0x2000c000                __base_RAM5 = 0x2000c000
                0x20010000                __top_RamAHB_ETB16 = 0x20010000
                0x20010000                __top_RAM5 = 0x20010000

.text_Flash2    0x1b000000        0x0
 FILL mask 0xff
 *(.text_Flash2*)
 *(.text_MFlashB512*)
 *(.text.$Flash2*)
 *(.text.$MFlashB512*)
 *(.rodata.$Flash2*)
 *(.rodata.$MFlashB512*)

.text           0x1a000000     0x1910
 FILL mask 0xff
                0x1a000000                __vectors_start__ = ABSOLUTE (.)
 *(.isr_vector)
 .isr_vector    0x1a000000      0x114 ./src/cr_startup_lpc43xx.o
                0x1a000000                g_pfnVectors
                0x1a000114                . = ALIGN (0x4)
                0x1a000114                __section_table_start = .
                0x1a000114                __data_section_table = .
                0x1a000114        0x4 LONG 0x1a001910 LOADADDR (.data)
                0x1a000118        0x4 LONG 0x10000000 ADDR (.data)
                0x1a00011c        0x4 LONG 0x0 SIZEOF (.data)
                0x1a000120        0x4 LONG 0x1a001910 LOADADDR (.data_RAM2)
                0x1a000124        0x4 LONG 0x10080000 ADDR (.data_RAM2)
                0x1a000128        0x4 LONG 0x0 SIZEOF (.data_RAM2)
                0x1a00012c        0x4 LONG 0x1a001910 LOADADDR (.data_RAM3)
                0x1a000130        0x4 LONG 0x20000000 ADDR (.data_RAM3)
                0x1a000134        0x4 LONG 0x0 SIZEOF (.data_RAM3)
                0x1a000138        0x4 LONG 0x1a001910 LOADADDR (.data_RAM4)
                0x1a00013c        0x4 LONG 0x20008000 ADDR (.data_RAM4)
                0x1a000140        0x4 LONG 0x0 SIZEOF (.data_RAM4)
                0x1a000144        0x4 LONG 0x1a001910 LOADADDR (.data_RAM5)
                0x1a000148        0x4 LONG 0x2000c000 ADDR (.data_RAM5)
                0x1a00014c        0x4 LONG 0x0 SIZEOF (.data_RAM5)
                0x1a000150                __data_section_table_end = .
                0x1a000150                __bss_section_table = .
                0x1a000150        0x4 LONG 0x10000000 ADDR (.bss)
                0x1a000154        0x4 LONG 0xc SIZEOF (.bss)
                0x1a000158        0x4 LONG 0x10080000 ADDR (.bss_RAM2)
                0x1a00015c        0x4 LONG 0x0 SIZEOF (.bss_RAM2)
                0x1a000160        0x4 LONG 0x20000000 ADDR (.bss_RAM3)
                0x1a000164        0x4 LONG 0x0 SIZEOF (.bss_RAM3)
                0x1a000168        0x4 LONG 0x20008000 ADDR (.bss_RAM4)
                0x1a00016c        0x4 LONG 0x0 SIZEOF (.bss_RAM4)
                0x1a000170        0x4 LONG 0x2000c000 ADDR (.bss_RAM5)
                0x1a000174        0x4 LONG 0x0 SIZEOF (.bss_RAM5)
                0x1a000178                __bss_section_table_end = .
                0x1a000178                __section_table_end = .
 *(.after_vectors*)
 .after_vectors
                0x1a000178       0xb8 ./src/cr_startup_lpc43xx.o
                0x1a000178                data_init
                0x1a0001bc                bss_init
                0x1a0001f4                NMI_Handler
                0x1a0001fa                HardFault_Handler
                0x1a000200                MemManage_Handler
                0x1a000206                BusFault_Handler
                0x1a00020c                UsageFault_Handler
                0x1a000212                SVC_Handler
                0x1a000218                DebugMon_Handler
                0x1a00021e                PendSV_Handler
                0x1a000224                SysTick_Handler
                0x1a00022a                ATIMER_IRQHandler
                0x1a00022a                I2C1_IRQHandler
                0x1a00022a                UART1_IRQHandler
                0x1a00022a                GPIO5_IRQHandler
                0x1a00022a                CAN1_IRQHandler
                0x1a00022a                USB1_IRQHandler
                0x1a00022a                I2S0_IRQHandler
                0x1a00022a                TIMER3_IRQHandler
                0x1a00022a                UART0_IRQHandler
                0x1a00022a                I2C0_IRQHandler
                0x1a00022a                SGPIO_IRQHandler
                0x1a00022a                FLASH_EEPROM_IRQHandler
                0x1a00022a                ADCHS_IRQHandler
                0x1a00022a                GPIO6_IRQHandler
                0x1a00022a                IntDefaultHandler
                0x1a00022a                GPIO1_IRQHandler
                0x1a00022a                SSP0_IRQHandler
                0x1a00022a                ADC1_IRQHandler
                0x1a00022a                RTC_IRQHandler
                0x1a00022a                TIMER0_IRQHandler
                0x1a00022a                SPI_IRQHandler
                0x1a00022a                LCD_IRQHandler
                0x1a00022a                RIT_IRQHandler
                0x1a00022a                TIMER1_IRQHandler
                0x1a00022a                UART2_IRQHandler
                0x1a00022a                GPIO2_IRQHandler
                0x1a00022a                I2S1_IRQHandler
                0x1a00022a                SSP1_IRQHandler
                0x1a00022a                USB0_IRQHandler
                0x1a00022a                GPIO3_IRQHandler
                0x1a00022a                SCT_IRQHandler
                0x1a00022a                SDIO_IRQHandler
                0x1a00022a                WDT_IRQHandler
                0x1a00022a                ADC0_IRQHandler
                0x1a00022a                GPIO7_IRQHandler
                0x1a00022a                SPIFI_IRQHandler
                0x1a00022a                QEI_IRQHandler
                0x1a00022a                ETH_IRQHandler
                0x1a00022a                CAN0_IRQHandler
                0x1a00022a                GINT0_IRQHandler
                0x1a00022a                DAC_IRQHandler
                0x1a00022a                M0SUB_IRQHandler
                0x1a00022a                DMA_IRQHandler
                0x1a00022a                EVRT_IRQHandler
                0x1a00022a                TIMER2_IRQHandler
                0x1a00022a                UART3_IRQHandler
                0x1a00022a                MCPWM_IRQHandler
                0x1a00022a                M0APP_IRQHandler
                0x1a00022a                GINT1_IRQHandler
                0x1a00022a                GPIO4_IRQHandler
 *(.text*)
 .text.ResetISR
                0x1a000230       0xc4 ./src/cr_startup_lpc43xx.o
                0x1a000230                ResetISR
 .text.Enable_DAC
                0x1a0002f4       0x24 ./src/dac.o
                0x1a0002f4                Enable_DAC
 .text.Values_DAC
                0x1a000318       0x54 ./src/dac.o
                0x1a000318                Values_DAC
 .text.distance_sensor_trigger
                0x1a00036c       0x2c ./src/distance_sensor.o
                0x1a00036c                distance_sensor_trigger
 .text.distance_sensor_listen_echo
                0x1a000398       0x94 ./src/distance_sensor.o
                0x1a000398                distance_sensor_listen_echo
 .text.distance_cm
                0x1a00042c       0x24 ./src/distance_sensor.o
                0x1a00042c                distance_cm
 .text.GPIO_SetPinDIR
                0x1a000450       0x7e ./src/gpio_set.o
                0x1a000450                GPIO_SetPinDIR
 .text.GPIO_SetPin
                0x1a0004ce       0x7c ./src/gpio_set.o
                0x1a0004ce                GPIO_SetPin
 *fill*         0x1a00054a        0x2 ff
 .text.Enable_NVIC
                0x1a00054c       0x68 ./src/interruptions.o
                0x1a00054c                Enable_NVIC
 .text.SelectEdge_PIN_INT
                0x1a0005b4       0x34 ./src/interruptions.o
                0x1a0005b4                SelectEdge_PIN_INT
 .text.Enable_PIN_INT
                0x1a0005e8       0x34 ./src/interruptions.o
                0x1a0005e8                Enable_PIN_INT
 .text.Select_GPIO_interrupt
                0x1a00061c       0x68 ./src/interruptions.o
                0x1a00061c                Select_GPIO_interrupt
 .text.LED_cfg  0x1a000684       0xd4 ./src/leds_setup.o
                0x1a000684                LED_cfg
 .text.LED_high
                0x1a000758       0xa0 ./src/leds_setup.o
                0x1a000758                LED_high
 .text.LED_low  0x1a0007f8       0xa0 ./src/leds_setup.o
                0x1a0007f8                LED_low
 .text.LED_ALL  0x1a000898       0x2c ./src/leds_setup.o
                0x1a000898                LED_ALL
 .text.LED_ALL_ON
                0x1a0008c4       0x2c ./src/leds_setup.o
                0x1a0008c4                LED_ALL_ON
 .text.PERIPHERAL_init
                0x1a0008f0       0x22 ./src/main.o
                0x1a0008f0                PERIPHERAL_init
 .text.DAC_init
                0x1a000912       0x12 ./src/main.o
                0x1a000912                DAC_init
 .text.SCU_init
                0x1a000924       0x38 ./src/main.o
                0x1a000924                SCU_init
 .text.GPIO_init
                0x1a00095c       0x30 ./src/main.o
                0x1a00095c                GPIO_init
 .text.TIMERS_init
                0x1a00098c       0x20 ./src/main.o
                0x1a00098c                TIMERS_init
 .text.NVIC_init
                0x1a0009ac       0x1e ./src/main.o
                0x1a0009ac                NVIC_init
 *fill*         0x1a0009ca        0x2 ff
 .text.GPIO0_IRQHandler
                0x1a0009cc       0x40 ./src/main.o
                0x1a0009cc                GPIO0_IRQHandler
 .text.main     0x1a000a0c       0x84 ./src/main.o
                0x1a000a0c                main
 .text.SCU_SetPin
                0x1a000a90       0x4e ./src/scu_set.o
                0x1a000a90                SCU_SetPin
 *fill*         0x1a000ade        0x2 ff
 .text.SCU_EnableBuffer
                0x1a000ae0       0x40 ./src/scu_set.o
                0x1a000ae0                SCU_EnableBuffer
 .text.SCU_DisableGlitchFilter
                0x1a000b20       0x40 ./src/scu_set.o
                0x1a000b20                SCU_DisableGlitchFilter
 .text.SystemInit
                0x1a000b60       0x28 ./src/sysinit.o
                0x1a000b60                SystemInit
 .text.Clock_enable
                0x1a000b88       0x74 ./src/timers.o
                0x1a000b88                Clock_enable
 .text.TIMER_getPTR
                0x1a000bfc       0x60 ./src/timers.o
                0x1a000bfc                TIMER_getPTR
 .text.TIMER_init
                0x1a000c5c       0x30 ./src/timers.o
                0x1a000c5c                TIMER_init
 .text.TIMER_enable
                0x1a000c8c       0x28 ./src/timers.o
                0x1a000c8c                TIMER_enable
 .text.TIMER_disable
                0x1a000cb4       0x28 ./src/timers.o
                0x1a000cb4                TIMER_disable
 .text.TIMER_ReadCount
                0x1a000cdc       0x20 ./src/timers.o
                0x1a000cdc                TIMER_ReadCount
 .text.TIMER_reset
                0x1a000cfc       0x44 ./src/timers.o
                0x1a000cfc                TIMER_reset
 .text.TIMER_SetFrequency
                0x1a000d40       0x34 ./src/timers.o
                0x1a000d40                TIMER_SetFrequency
 .text.delay_us
                0x1a000d74       0x32 ./src/timers.o
                0x1a000d74                delay_us
 *fill*         0x1a000da6        0x2 ff
 .text.vibrator_ON
                0x1a000da8       0x4c ./src/vibrator.o
                0x1a000da8                vibrator_ON
 .text.vibrator_OFF
                0x1a000df4        0xe ./src/vibrator.o
                0x1a000df4                vibrator_OFF
 *fill*         0x1a000e02        0x2 ff
 .text.zone     0x1a000e04       0x9c ./src/zones.o
                0x1a000e04                zone
 .text.ABS      0x1a000ea0       0x22 C:\Users\manci\Documents\MCUXpressoIDE_10.2.0_759\workspace\lpc_chip_43xx\Debug\liblpc_chip_43xx.a(clock_18xx_43xx.o)
 *fill*         0x1a000ec2        0x2 ff
 .text.pll_calc_divs
                0x1a000ec4      0x124 C:\Users\manci\Documents\MCUXpressoIDE_10.2.0_759\workspace\lpc_chip_43xx\Debug\liblpc_chip_43xx.a(clock_18xx_43xx.o)
 .text.pll_get_frac
                0x1a000fe8      0x176 C:\Users\manci\Documents\MCUXpressoIDE_10.2.0_759\workspace\lpc_chip_43xx\Debug\liblpc_chip_43xx.a(clock_18xx_43xx.o)
 .text.Chip_Clock_GetDivRate
                0x1a00115e       0x40 C:\Users\manci\Documents\MCUXpressoIDE_10.2.0_759\workspace\lpc_chip_43xx\Debug\liblpc_chip_43xx.a(clock_18xx_43xx.o)
 *fill*         0x1a00119e        0x2 ff
 .text.Chip_Clock_EnableCrystal
                0x1a0011a0       0x70 C:\Users\manci\Documents\MCUXpressoIDE_10.2.0_759\workspace\lpc_chip_43xx\Debug\liblpc_chip_43xx.a(clock_18xx_43xx.o)
                0x1a0011a0                Chip_Clock_EnableCrystal
 .text.Chip_Clock_CalcMainPLLValue
                0x1a001210       0xd8 C:\Users\manci\Documents\MCUXpressoIDE_10.2.0_759\workspace\lpc_chip_43xx\Debug\liblpc_chip_43xx.a(clock_18xx_43xx.o)
                0x1a001210                Chip_Clock_CalcMainPLLValue
 .text.Chip_Clock_GetMainPLLHz
                0x1a0012e8       0xc0 C:\Users\manci\Documents\MCUXpressoIDE_10.2.0_759\workspace\lpc_chip_43xx\Debug\liblpc_chip_43xx.a(clock_18xx_43xx.o)
                0x1a0012e8                Chip_Clock_GetMainPLLHz
 .text.Chip_Clock_GetDividerSource
                0x1a0013a8       0x40 C:\Users\manci\Documents\MCUXpressoIDE_10.2.0_759\workspace\lpc_chip_43xx\Debug\liblpc_chip_43xx.a(clock_18xx_43xx.o)
                0x1a0013a8                Chip_Clock_GetDividerSource
 .text.Chip_Clock_GetDividerDivisor
                0x1a0013e8       0x38 C:\Users\manci\Documents\MCUXpressoIDE_10.2.0_759\workspace\lpc_chip_43xx\Debug\liblpc_chip_43xx.a(clock_18xx_43xx.o)
                0x1a0013e8                Chip_Clock_GetDividerDivisor
 .text.Chip_Clock_GetClockInputHz
                0x1a001420      0x140 C:\Users\manci\Documents\MCUXpressoIDE_10.2.0_759\workspace\lpc_chip_43xx\Debug\liblpc_chip_43xx.a(clock_18xx_43xx.o)
                0x1a001420                Chip_Clock_GetClockInputHz
 .text.Chip_Clock_SetBaseClock
                0x1a001560       0x9c C:\Users\manci\Documents\MCUXpressoIDE_10.2.0_759\workspace\lpc_chip_43xx\Debug\liblpc_chip_43xx.a(clock_18xx_43xx.o)
                0x1a001560                Chip_Clock_SetBaseClock
 .text.fpuInit  0x1a0015fc       0x74 C:\Users\manci\Documents\MCUXpressoIDE_10.2.0_759\workspace\lpc_chip_43xx\Debug\liblpc_chip_43xx.a(fpu_init.o)
                0x1a0015fc                fpuInit
 .text.Chip_Clock_DisableMainPLL
                0x1a001670       0x20 C:\Users\manci\Documents\MCUXpressoIDE_10.2.0_759\workspace\lpc_chip_43xx\Debug\liblpc_chip_43xx.a(sysinit_18xx_43xx.o)
 .text.Chip_Clock_SetupMainPLL
                0x1a001690       0x44 C:\Users\manci\Documents\MCUXpressoIDE_10.2.0_759\workspace\lpc_chip_43xx\Debug\liblpc_chip_43xx.a(sysinit_18xx_43xx.o)
 .text.Chip_Clock_MainPLLLocked
                0x1a0016d4       0x24 C:\Users\manci\Documents\MCUXpressoIDE_10.2.0_759\workspace\lpc_chip_43xx\Debug\liblpc_chip_43xx.a(sysinit_18xx_43xx.o)
 .text.Chip_SetupCoreClock
                0x1a0016f8      0x15c C:\Users\manci\Documents\MCUXpressoIDE_10.2.0_759\workspace\lpc_chip_43xx\Debug\liblpc_chip_43xx.a(sysinit_18xx_43xx.o)
                0x1a0016f8                Chip_SetupCoreClock
 .text.Chip_SetupIrcClocking
                0x1a001854       0x18 C:\Users\manci\Documents\MCUXpressoIDE_10.2.0_759\workspace\lpc_chip_43xx\Debug\liblpc_chip_43xx.a(sysinit_18xx_43xx.o)
                0x1a001854                Chip_SetupIrcClocking
 .text.Chip_SystemInit
                0x1a00186c        0xc C:\Users\manci\Documents\MCUXpressoIDE_10.2.0_759\workspace\lpc_chip_43xx\Debug\liblpc_chip_43xx.a(sysinit_18xx_43xx.o)
                0x1a00186c                Chip_SystemInit
 .text.memset   0x1a001878        0x4 c:/nxp/mcuxpressoide_10.2.0_759/ide/tools/bin/../lib/gcc/arm-none-eabi/7.2.1/../../../../arm-none-eabi/lib/thumb/v7e-m/fpv4-sp/softfp\libcr_c.a(memset.o)
                0x1a001878                memset
 .text.__weak_main
                0x1a00187c        0x4 c:/nxp/mcuxpressoide_10.2.0_759/ide/tools/bin/../lib/gcc/arm-none-eabi/7.2.1/../../../../arm-none-eabi/lib/thumb/v7e-m/fpv4-sp/softfp\libcr_c.a(__weak__main.o)
                0x1a00187c                __weak_main
                0x1a00187c                __main
 .text.__aeabi_memset_lowlevel
                0x1a001880       0x32 c:/nxp/mcuxpressoide_10.2.0_759/ide/tools/bin/../lib/gcc/arm-none-eabi/7.2.1/thumb/v7e-m/fpv4-sp/softfp\libcr_eabihelpers.a(memcpy.o)
                0x1a001880                __aeabi_lowlevel_memset
 *(.rodata .rodata.* .constdata .constdata.*)
 *fill*         0x1a0018b2        0x2 ff
 .rodata.ExtRateIn
                0x1a0018b4        0x4 ./src/sysinit.o
                0x1a0018b4                ExtRateIn
 .rodata.OscRateIn
                0x1a0018b8        0x4 ./src/sysinit.o
                0x1a0018b8                OscRateIn
 .rodata        0x1a0018bc        0xa C:\Users\manci\Documents\MCUXpressoIDE_10.2.0_759\workspace\lpc_chip_43xx\Debug\liblpc_chip_43xx.a(clock_18xx_43xx.o)
 *fill*         0x1a0018c6        0x2 ff
 .rodata.InitClkStates
                0x1a0018c8       0x48 C:\Users\manci\Documents\MCUXpressoIDE_10.2.0_759\workspace\lpc_chip_43xx\Debug\liblpc_chip_43xx.a(sysinit_18xx_43xx.o)
                0x1a001910                . = ALIGN (0x4)

.glue_7         0x1a001910        0x0
 .glue_7        0x1a001910        0x0 linker stubs

.glue_7t        0x1a001910        0x0
 .glue_7t       0x1a001910        0x0 linker stubs

.vfp11_veneer   0x1a001910        0x0
 .vfp11_veneer  0x1a001910        0x0 linker stubs

.v4_bx          0x1a001910        0x0
 .v4_bx         0x1a001910        0x0 linker stubs

.iplt           0x1a001910        0x0
 .iplt          0x1a001910        0x0 ./src/cr_startup_lpc43xx.o

.rel.dyn        0x1a001910        0x0
 .rel.iplt      0x1a001910        0x0 ./src/cr_startup_lpc43xx.o

.ARM.extab
 *(.ARM.extab* .gnu.linkonce.armextab.*)
                0x1a001910                __exidx_start = .

.ARM.exidx
 *(.ARM.exidx* .gnu.linkonce.armexidx.*)
                0x1a001910                __exidx_end = .
                0x1a001910                _etext = .

.data_RAM2      0x10080000        0x0 load address 0x1a001910
 FILL mask 0xff
                [!provide]                PROVIDE (__start_data_RAM2, .)
 *(.ramfunc.$RAM2)
 *(.ramfunc.$RamLoc40)
 *(.data.$RAM2*)
 *(.data.$RamLoc40*)
                0x10080000                . = ALIGN (0x4)
                [!provide]                PROVIDE (__end_data_RAM2, .)

.data_RAM3      0x20000000        0x0 load address 0x1a001910
 FILL mask 0xff
                [!provide]                PROVIDE (__start_data_RAM3, .)
 *(.ramfunc.$RAM3)
 *(.ramfunc.$RamAHB32)
 *(.data.$RAM3*)
 *(.data.$RamAHB32*)
                0x20000000                . = ALIGN (0x4)
                [!provide]                PROVIDE (__end_data_RAM3, .)

.data_RAM4      0x20008000        0x0 load address 0x1a001910
 FILL mask 0xff
                [!provide]                PROVIDE (__start_data_RAM4, .)
 *(.ramfunc.$RAM4)
 *(.ramfunc.$RamAHB16)
 *(.data.$RAM4*)
 *(.data.$RamAHB16*)
                0x20008000                . = ALIGN (0x4)
                [!provide]                PROVIDE (__end_data_RAM4, .)

.data_RAM5      0x2000c000        0x0 load address 0x1a001910
 FILL mask 0xff
                [!provide]                PROVIDE (__start_data_RAM5, .)
 *(.ramfunc.$RAM5)
 *(.ramfunc.$RamAHB_ETB16)
 *(.data.$RAM5*)
 *(.data.$RamAHB_ETB16*)
                0x2000c000                . = ALIGN (0x4)
                [!provide]                PROVIDE (__end_data_RAM5, .)

.uninit_RESERVED
                0x10000000        0x0
 *(.bss.$RESERVED*)
                0x10000000                . = ALIGN (0x4)
                0x10000000                _end_uninit_RESERVED = .

.data           0x10000000        0x0 load address 0x1a001910
 FILL mask 0xff
                0x10000000                _data = .
 *(vtable)
 *(.ramfunc*)
 *(.data*)
                0x10000000                . = ALIGN (0x4)
                0x10000000                _edata = .

.igot.plt       0x10000000        0x0 load address 0x1a001910
 .igot.plt      0x10000000        0x0 ./src/cr_startup_lpc43xx.o

.bss_RAM2       0x10080000        0x0
                [!provide]                PROVIDE (__start_bss_RAM2, .)
 *(.bss.$RAM2*)
 *(.bss.$RamLoc40*)
                0x10080000                . = ALIGN ((. != 0x0)?0x4:0x1)
                [!provide]                PROVIDE (__end_bss_RAM2, .)

.bss_RAM3       0x20000000        0x0
                [!provide]                PROVIDE (__start_bss_RAM3, .)
 *(.bss.$RAM3*)
 *(.bss.$RamAHB32*)
                0x20000000                . = ALIGN ((. != 0x0)?0x4:0x1)
                [!provide]                PROVIDE (__end_bss_RAM3, .)

.bss_RAM4       0x20008000        0x0
                [!provide]                PROVIDE (__start_bss_RAM4, .)
 *(.bss.$RAM4*)
 *(.bss.$RamAHB16*)
                0x20008000                . = ALIGN ((. != 0x0)?0x4:0x1)
                [!provide]                PROVIDE (__end_bss_RAM4, .)

.bss_RAM5       0x2000c000        0x0
                [!provide]                PROVIDE (__start_bss_RAM5, .)
 *(.bss.$RAM5*)
 *(.bss.$RamAHB_ETB16*)
                0x2000c000                . = ALIGN ((. != 0x0)?0x4:0x1)
                [!provide]                PROVIDE (__end_bss_RAM5, .)

.bss            0x10000000        0xc
                0x10000000                _bss = .
 *(.bss*)
 .bss.GPIO_FLAG
                0x10000000        0x1 ./src/main.o
                0x10000000                GPIO_FLAG
 *fill*         0x10000001        0x3 
 .bss.audio_usb_pll_freq
                0x10000004        0x8 C:\Users\manci\Documents\MCUXpressoIDE_10.2.0_759\workspace\lpc_chip_43xx\Debug\liblpc_chip_43xx.a(clock_18xx_43xx.o)
 *(COMMON)
                0x1000000c                . = ALIGN (0x4)
                0x1000000c                _ebss = .
                [!provide]                PROVIDE (end, .)

.noinit_RAM2    0x10080000        0x0
 *(.noinit.$RAM2*)
 *(.noinit.$RamLoc40*)
                0x10080000                . = ALIGN (0x4)

.noinit_RAM3    0x20000000        0x0
 *(.noinit.$RAM3*)
 *(.noinit.$RamAHB32*)
                0x20000000                . = ALIGN (0x4)

.noinit_RAM4    0x20008000        0x0
 *(.noinit.$RAM4*)
 *(.noinit.$RamAHB16*)
                0x20008000                . = ALIGN (0x4)

.noinit_RAM5    0x2000c000        0x0
 *(.noinit.$RAM5*)
 *(.noinit.$RamAHB_ETB16*)
                0x2000c000                . = ALIGN (0x4)

.noinit         0x1000000c        0x0
                0x1000000c                _noinit = .
 *(.noinit*)
                0x1000000c                . = ALIGN (0x4)
                0x1000000c                _end_noinit = .
                [!provide]                PROVIDE (_pvHeapStart, DEFINED (__user_heap_base)?__user_heap_base:.)
                0x10008000                PROVIDE (_vStackTop, DEFINED (__user_stack_top)?__user_stack_top:(__top_RamLoc32 - 0x0))
                0x53ff73ca                PROVIDE (__valid_user_code_checksum, (0x0 - ((((((_vStackTop + (ResetISR + 0x1)) + (NMI_Handler + 0x1)) + (HardFault_Handler + 0x1)) + (DEFINED (MemManage_Handler)?MemManage_Handler:0x0 + 0x1)) + (DEFINED (BusFault_Handler)?BusFault_Handler:0x0 + 0x1)) + (DEFINED (UsageFault_Handler)?UsageFault_Handler:0x0 + 0x1))))
                0x1a000000                _image_start = LOADADDR (.text)
                0x1a001910                _image_end = (LOADADDR (.data) + SIZEOF (.data))
                0x00001910                _image_size = (_image_end - _image_start)
OUTPUT(Final_D2_LPCOpen.axf elf32-littlearm)

.debug_info     0x00000000     0x4a80
 .debug_info    0x00000000      0x299 ./src/cr_startup_lpc43xx.o
 .debug_info    0x00000299      0x4e7 ./src/dac.o
 .debug_info    0x00000780      0x24b ./src/distance_sensor.o
 .debug_info    0x000009cb      0x26b ./src/gpio_set.o
 .debug_info    0x00000c36      0x55c ./src/interruptions.o
 .debug_info    0x00001192      0x44e ./src/leds_setup.o
 .debug_info    0x000015e0      0x611 ./src/main.o
 .debug_info    0x00001bf1      0x238 ./src/scu_set.o
 .debug_info    0x00001e29      0x5fa ./src/sysinit.o
 .debug_info    0x00002423      0x38d ./src/timers.o
 .debug_info    0x000027b0      0x108 ./src/vibrator.o
 .debug_info    0x000028b8      0x155 ./src/zones.o
 .debug_info    0x00002a0d     0x15c3 C:\Users\manci\Documents\MCUXpressoIDE_10.2.0_759\workspace\lpc_chip_43xx\Debug\liblpc_chip_43xx.a(clock_18xx_43xx.o)
 .debug_info    0x00003fd0      0x156 C:\Users\manci\Documents\MCUXpressoIDE_10.2.0_759\workspace\lpc_chip_43xx\Debug\liblpc_chip_43xx.a(fpu_init.o)
 .debug_info    0x00004126      0x95a C:\Users\manci\Documents\MCUXpressoIDE_10.2.0_759\workspace\lpc_chip_43xx\Debug\liblpc_chip_43xx.a(sysinit_18xx_43xx.o)

.debug_abbrev   0x00000000     0x126d
 .debug_abbrev  0x00000000      0x10c ./src/cr_startup_lpc43xx.o
 .debug_abbrev  0x0000010c      0x184 ./src/dac.o
 .debug_abbrev  0x00000290      0x12b ./src/distance_sensor.o
 .debug_abbrev  0x000003bb      0x11e ./src/gpio_set.o
 .debug_abbrev  0x000004d9      0x147 ./src/interruptions.o
 .debug_abbrev  0x00000620      0x158 ./src/leds_setup.o
 .debug_abbrev  0x00000778      0x168 ./src/main.o
 .debug_abbrev  0x000008e0       0xd0 ./src/scu_set.o
 .debug_abbrev  0x000009b0       0xf9 ./src/sysinit.o
 .debug_abbrev  0x00000aa9      0x149 ./src/timers.o
 .debug_abbrev  0x00000bf2       0xa9 ./src/vibrator.o
 .debug_abbrev  0x00000c9b       0x9e ./src/zones.o
 .debug_abbrev  0x00000d39      0x2db C:\Users\manci\Documents\MCUXpressoIDE_10.2.0_759\workspace\lpc_chip_43xx\Debug\liblpc_chip_43xx.a(clock_18xx_43xx.o)
 .debug_abbrev  0x00001014       0xaa C:\Users\manci\Documents\MCUXpressoIDE_10.2.0_759\workspace\lpc_chip_43xx\Debug\liblpc_chip_43xx.a(fpu_init.o)
 .debug_abbrev  0x000010be      0x1af C:\Users\manci\Documents\MCUXpressoIDE_10.2.0_759\workspace\lpc_chip_43xx\Debug\liblpc_chip_43xx.a(sysinit_18xx_43xx.o)

.debug_aranges  0x00000000      0x4b0
 .debug_aranges
                0x00000000       0x80 ./src/cr_startup_lpc43xx.o
 .debug_aranges
                0x00000080       0x48 ./src/dac.o
 .debug_aranges
                0x000000c8       0x30 ./src/distance_sensor.o
 .debug_aranges
                0x000000f8       0x38 ./src/gpio_set.o
 .debug_aranges
                0x00000130       0x38 ./src/interruptions.o
 .debug_aranges
                0x00000168       0x50 ./src/leds_setup.o
 .debug_aranges
                0x000001b8       0x58 ./src/main.o
 .debug_aranges
                0x00000210       0x30 ./src/scu_set.o
 .debug_aranges
                0x00000240       0x20 ./src/sysinit.o
 .debug_aranges
                0x00000260       0x60 ./src/timers.o
 .debug_aranges
                0x000002c0       0x28 ./src/vibrator.o
 .debug_aranges
                0x000002e8       0x20 ./src/zones.o
 .debug_aranges
                0x00000308      0x138 C:\Users\manci\Documents\MCUXpressoIDE_10.2.0_759\workspace\lpc_chip_43xx\Debug\liblpc_chip_43xx.a(clock_18xx_43xx.o)
 .debug_aranges
                0x00000440       0x20 C:\Users\manci\Documents\MCUXpressoIDE_10.2.0_759\workspace\lpc_chip_43xx\Debug\liblpc_chip_43xx.a(fpu_init.o)
 .debug_aranges
                0x00000460       0x50 C:\Users\manci\Documents\MCUXpressoIDE_10.2.0_759\workspace\lpc_chip_43xx\Debug\liblpc_chip_43xx.a(sysinit_18xx_43xx.o)

.debug_ranges   0x00000000      0x3d8
 .debug_ranges  0x00000000       0x70 ./src/cr_startup_lpc43xx.o
 .debug_ranges  0x00000070       0x38 ./src/dac.o
 .debug_ranges  0x000000a8       0x20 ./src/distance_sensor.o
 .debug_ranges  0x000000c8       0x28 ./src/gpio_set.o
 .debug_ranges  0x000000f0       0x28 ./src/interruptions.o
 .debug_ranges  0x00000118       0x40 ./src/leds_setup.o
 .debug_ranges  0x00000158       0x48 ./src/main.o
 .debug_ranges  0x000001a0       0x20 ./src/scu_set.o
 .debug_ranges  0x000001c0       0x10 ./src/sysinit.o
 .debug_ranges  0x000001d0       0x50 ./src/timers.o
 .debug_ranges  0x00000220       0x18 ./src/vibrator.o
 .debug_ranges  0x00000238       0x10 ./src/zones.o
 .debug_ranges  0x00000248      0x140 C:\Users\manci\Documents\MCUXpressoIDE_10.2.0_759\workspace\lpc_chip_43xx\Debug\liblpc_chip_43xx.a(clock_18xx_43xx.o)
 .debug_ranges  0x00000388       0x10 C:\Users\manci\Documents\MCUXpressoIDE_10.2.0_759\workspace\lpc_chip_43xx\Debug\liblpc_chip_43xx.a(fpu_init.o)
 .debug_ranges  0x00000398       0x40 C:\Users\manci\Documents\MCUXpressoIDE_10.2.0_759\workspace\lpc_chip_43xx\Debug\liblpc_chip_43xx.a(sysinit_18xx_43xx.o)

.debug_macro    0x00000000     0x6393
 .debug_macro   0x00000000       0x1d ./src/cr_startup_lpc43xx.o
 .debug_macro   0x0000001d      0xa78 ./src/cr_startup_lpc43xx.o
 .debug_macro   0x00000a95       0x84 ./src/dac.o
 .debug_macro   0x00000b19       0x46 ./src/dac.o
 .debug_macro   0x00000b5f       0x1c ./src/dac.o
 .debug_macro   0x00000b7b       0x22 ./src/dac.o
 .debug_macro   0x00000b9d       0x10 ./src/dac.o
 .debug_macro   0x00000bad       0xc4 ./src/dac.o
 .debug_macro   0x00000c71       0xe3 ./src/distance_sensor.o
 .debug_macro   0x00000d54       0x7c ./src/distance_sensor.o
 .debug_macro   0x00000dd0       0x3a ./src/distance_sensor.o
 .debug_macro   0x00000e0a       0x16 ./src/distance_sensor.o
 .debug_macro   0x00000e20       0x28 ./src/gpio_set.o
 .debug_macro   0x00000e48       0x28 ./src/interruptions.o
 .debug_macro   0x00000e70       0x38 ./src/leds_setup.o
 .debug_macro   0x00000ea8      0x121 ./src/main.o
 .debug_macro   0x00000fc9       0x28 ./src/scu_set.o
 .debug_macro   0x00000ff1      0x2da ./src/sysinit.o
 .debug_macro   0x000012cb       0x10 ./src/sysinit.o
 .debug_macro   0x000012db      0x12d ./src/sysinit.o
 .debug_macro   0x00001408      0x5b2 ./src/sysinit.o
 .debug_macro   0x000019ba       0x7b ./src/sysinit.o
 .debug_macro   0x00001a35       0x28 ./src/sysinit.o
 .debug_macro   0x00001a5d       0x3b ./src/sysinit.o
 .debug_macro   0x00001a98       0x2d ./src/sysinit.o
 .debug_macro   0x00001ac5       0x42 ./src/sysinit.o
 .debug_macro   0x00001b07      0xd39 ./src/sysinit.o
 .debug_macro   0x00002840      0x2bc ./src/sysinit.o
 .debug_macro   0x00002afc      0x112 ./src/sysinit.o
 .debug_macro   0x00002c0e       0x11 ./src/sysinit.o
 .debug_macro   0x00002c1f       0x2a ./src/sysinit.o
 .debug_macro   0x00002c49       0x16 ./src/sysinit.o
 .debug_macro   0x00002c5f      0x2e6 ./src/sysinit.o
 .debug_macro   0x00002f45       0x82 ./src/sysinit.o
 .debug_macro   0x00002fc7      0x13d ./src/sysinit.o
 .debug_macro   0x00003104      0x198 ./src/sysinit.o
 .debug_macro   0x0000329c       0x34 ./src/sysinit.o
 .debug_macro   0x000032d0       0x58 ./src/sysinit.o
 .debug_macro   0x00003328      0x236 ./src/sysinit.o
 .debug_macro   0x0000355e      0x572 ./src/sysinit.o
 .debug_macro   0x00003ad0       0x16 ./src/sysinit.o
 .debug_macro   0x00003ae6      0x18a ./src/sysinit.o
 .debug_macro   0x00003c70       0x88 ./src/sysinit.o
 .debug_macro   0x00003cf8      0x1b9 ./src/sysinit.o
 .debug_macro   0x00003eb1      0x1da ./src/sysinit.o
 .debug_macro   0x0000408b       0x40 ./src/sysinit.o
 .debug_macro   0x000040cb       0x1c ./src/sysinit.o
 .debug_macro   0x000040e7       0x2e ./src/sysinit.o
 .debug_macro   0x00004115       0x2e ./src/sysinit.o
 .debug_macro   0x00004143       0x22 ./src/sysinit.o
 .debug_macro   0x00004165      0x201 ./src/sysinit.o
 .debug_macro   0x00004366       0xe0 ./src/sysinit.o
 .debug_macro   0x00004446      0x34c ./src/sysinit.o
 .debug_macro   0x00004792       0xdc ./src/sysinit.o
 .debug_macro   0x0000486e       0xc4 ./src/sysinit.o
 .debug_macro   0x00004932       0x94 ./src/sysinit.o
 .debug_macro   0x000049c6       0xb8 ./src/sysinit.o
 .debug_macro   0x00004a7e       0x4c ./src/sysinit.o
 .debug_macro   0x00004aca       0x16 ./src/sysinit.o
 .debug_macro   0x00004ae0      0x328 ./src/sysinit.o
 .debug_macro   0x00004e08       0x3a ./src/sysinit.o
 .debug_macro   0x00004e42       0xd0 ./src/sysinit.o
 .debug_macro   0x00004f12       0x18 ./src/sysinit.o
 .debug_macro   0x00004f2a       0x22 ./src/sysinit.o
 .debug_macro   0x00004f4c       0x40 ./src/sysinit.o
 .debug_macro   0x00004f8c       0xe3 ./src/timers.o
 .debug_macro   0x0000506f       0x76 ./src/timers.o
 .debug_macro   0x000050e5       0xe9 ./src/vibrator.o
 .debug_macro   0x000051ce       0xe5 ./src/zones.o
 .debug_macro   0x000052b3      0x2e0 C:\Users\manci\Documents\MCUXpressoIDE_10.2.0_759\workspace\lpc_chip_43xx\Debug\liblpc_chip_43xx.a(clock_18xx_43xx.o)
 .debug_macro   0x00005593      0xa66 C:\Users\manci\Documents\MCUXpressoIDE_10.2.0_759\workspace\lpc_chip_43xx\Debug\liblpc_chip_43xx.a(clock_18xx_43xx.o)
 .debug_macro   0x00005ff9       0xc0 C:\Users\manci\Documents\MCUXpressoIDE_10.2.0_759\workspace\lpc_chip_43xx\Debug\liblpc_chip_43xx.a(fpu_init.o)
 .debug_macro   0x000060b9      0x2da C:\Users\manci\Documents\MCUXpressoIDE_10.2.0_759\workspace\lpc_chip_43xx\Debug\liblpc_chip_43xx.a(sysinit_18xx_43xx.o)

.debug_line     0x00000000     0x2c11
 .debug_line    0x00000000       0xf8 ./src/cr_startup_lpc43xx.o
 .debug_line    0x000000f8      0x1eb ./src/dac.o
 .debug_line    0x000002e3      0x237 ./src/distance_sensor.o
 .debug_line    0x0000051a       0xdf ./src/gpio_set.o
 .debug_line    0x000005f9       0xf5 ./src/interruptions.o
 .debug_line    0x000006ee      0x21f ./src/leds_setup.o
 .debug_line    0x0000090d      0x2a5 ./src/main.o
 .debug_line    0x00000bb2       0xc0 ./src/scu_set.o
 .debug_line    0x00000c72      0x5e3 ./src/sysinit.o
 .debug_line    0x00001255      0x2ad ./src/timers.o
 .debug_line    0x00001502      0x209 ./src/vibrator.o
 .debug_line    0x0000170b      0x203 ./src/zones.o
 .debug_line    0x0000190e      0xa4d C:\Users\manci\Documents\MCUXpressoIDE_10.2.0_759\workspace\lpc_chip_43xx\Debug\liblpc_chip_43xx.a(clock_18xx_43xx.o)
 .debug_line    0x0000235b      0x1fa C:\Users\manci\Documents\MCUXpressoIDE_10.2.0_759\workspace\lpc_chip_43xx\Debug\liblpc_chip_43xx.a(fpu_init.o)
 .debug_line    0x00002555      0x6bc C:\Users\manci\Documents\MCUXpressoIDE_10.2.0_759\workspace\lpc_chip_43xx\Debug\liblpc_chip_43xx.a(sysinit_18xx_43xx.o)

.debug_str      0x00000000    0x181b3
 .debug_str     0x00000000     0x2f46 ./src/cr_startup_lpc43xx.o
                               0x2f5e (size before relaxing)
 .debug_str     0x00002f46      0x8cc ./src/dac.o
                               0x36fd (size before relaxing)
 .debug_str     0x00003812      0x3b1 ./src/distance_sensor.o
                               0x38ea (size before relaxing)
 .debug_str     0x00003bc3       0x78 ./src/gpio_set.o
                               0x2f20 (size before relaxing)
 .debug_str     0x00003c3b      0x3fe ./src/interruptions.o
                               0x334d (size before relaxing)
 .debug_str     0x00004039       0x79 ./src/leds_setup.o
                               0x2fbd (size before relaxing)
 .debug_str     0x000040b2       0xdc ./src/main.o
                               0x3d0b (size before relaxing)
 .debug_str     0x0000418e       0x4a ./src/scu_set.o
                               0x2f4f (size before relaxing)
 .debug_str     0x000041d8    0x133c5 ./src/sysinit.o
                              0x162bb (size before relaxing)
 .debug_str     0x0001759d       0xd5 ./src/timers.o
                               0x391e (size before relaxing)
 .debug_str     0x00017672       0x38 ./src/vibrator.o
                               0x387e (size before relaxing)
 .debug_str     0x000176aa        0xf ./src/zones.o
                               0x3886 (size before relaxing)
 .debug_str     0x000176b9      0x95e C:\Users\manci\Documents\MCUXpressoIDE_10.2.0_759\workspace\lpc_chip_43xx\Debug\liblpc_chip_43xx.a(clock_18xx_43xx.o)
                              0x16afb (size before relaxing)
 .debug_str     0x00018017       0xb5 C:\Users\manci\Documents\MCUXpressoIDE_10.2.0_759\workspace\lpc_chip_43xx\Debug\liblpc_chip_43xx.a(fpu_init.o)
                               0xa0d1 (size before relaxing)
 .debug_str     0x000180cc       0xe7 C:\Users\manci\Documents\MCUXpressoIDE_10.2.0_759\workspace\lpc_chip_43xx\Debug\liblpc_chip_43xx.a(sysinit_18xx_43xx.o)
                              0x1655b (size before relaxing)

.comment        0x00000000       0x7e
 .comment       0x00000000       0x7e ./src/cr_startup_lpc43xx.o
                                 0x7f (size before relaxing)
 .comment       0x0000007e       0x7f ./src/dac.o
 .comment       0x0000007e       0x7f ./src/distance_sensor.o
 .comment       0x0000007e       0x7f ./src/gpio_set.o
 .comment       0x0000007e       0x7f ./src/interruptions.o
 .comment       0x0000007e       0x7f ./src/leds_setup.o
 .comment       0x0000007e       0x7f ./src/main.o
 .comment       0x0000007e       0x7f ./src/scu_set.o
 .comment       0x0000007e       0x7f ./src/sysinit.o
 .comment       0x0000007e       0x7f ./src/timers.o
 .comment       0x0000007e       0x7f ./src/vibrator.o
 .comment       0x0000007e       0x7f ./src/zones.o
 .comment       0x0000007e       0x7f C:\Users\manci\Documents\MCUXpressoIDE_10.2.0_759\workspace\lpc_chip_43xx\Debug\liblpc_chip_43xx.a(clock_18xx_43xx.o)
 .comment       0x0000007e       0x7f C:\Users\manci\Documents\MCUXpressoIDE_10.2.0_759\workspace\lpc_chip_43xx\Debug\liblpc_chip_43xx.a(fpu_init.o)
 .comment       0x0000007e       0x7f C:\Users\manci\Documents\MCUXpressoIDE_10.2.0_759\workspace\lpc_chip_43xx\Debug\liblpc_chip_43xx.a(sysinit_18xx_43xx.o)
 .comment       0x0000007e       0x7f c:/nxp/mcuxpressoide_10.2.0_759/ide/tools/bin/../lib/gcc/arm-none-eabi/7.2.1/../../../../arm-none-eabi/lib/thumb/v7e-m/fpv4-sp/softfp\libcr_c.a(memset.o)
 .comment       0x0000007e       0x7f c:/nxp/mcuxpressoide_10.2.0_759/ide/tools/bin/../lib/gcc/arm-none-eabi/7.2.1/../../../../arm-none-eabi/lib/thumb/v7e-m/fpv4-sp/softfp\libcr_c.a(__weak__main.o)

.ARM.attributes
                0x00000000       0x35
 .ARM.attributes
                0x00000000       0x37 ./src/cr_startup_lpc43xx.o
 .ARM.attributes
                0x00000037       0x37 ./src/dac.o
 .ARM.attributes
                0x0000006e       0x37 ./src/distance_sensor.o
 .ARM.attributes
                0x000000a5       0x37 ./src/gpio_set.o
 .ARM.attributes
                0x000000dc       0x37 ./src/interruptions.o
 .ARM.attributes
                0x00000113       0x37 ./src/leds_setup.o
 .ARM.attributes
                0x0000014a       0x37 ./src/main.o
 .ARM.attributes
                0x00000181       0x37 ./src/scu_set.o
 .ARM.attributes
                0x000001b8       0x37 ./src/sysinit.o
 .ARM.attributes
                0x000001ef       0x37 ./src/timers.o
 .ARM.attributes
                0x00000226       0x37 ./src/vibrator.o
 .ARM.attributes
                0x0000025d       0x37 ./src/zones.o
 .ARM.attributes
                0x00000294       0x37 C:\Users\manci\Documents\MCUXpressoIDE_10.2.0_759\workspace\lpc_chip_43xx\Debug\liblpc_chip_43xx.a(clock_18xx_43xx.o)
 .ARM.attributes
                0x000002cb       0x37 C:\Users\manci\Documents\MCUXpressoIDE_10.2.0_759\workspace\lpc_chip_43xx\Debug\liblpc_chip_43xx.a(fpu_init.o)
 .ARM.attributes
                0x00000302       0x37 C:\Users\manci\Documents\MCUXpressoIDE_10.2.0_759\workspace\lpc_chip_43xx\Debug\liblpc_chip_43xx.a(sysinit_18xx_43xx.o)
 .ARM.attributes
                0x00000339       0x37 c:/nxp/mcuxpressoide_10.2.0_759/ide/tools/bin/../lib/gcc/arm-none-eabi/7.2.1/../../../../arm-none-eabi/lib/thumb/v7e-m/fpv4-sp/softfp\libcr_c.a(memset.o)
 .ARM.attributes
                0x00000370       0x37 c:/nxp/mcuxpressoide_10.2.0_759/ide/tools/bin/../lib/gcc/arm-none-eabi/7.2.1/../../../../arm-none-eabi/lib/thumb/v7e-m/fpv4-sp/softfp\libcr_c.a(__weak__main.o)
 .ARM.attributes
                0x000003a7       0x25 c:/nxp/mcuxpressoide_10.2.0_759/ide/tools/bin/../lib/gcc/arm-none-eabi/7.2.1/thumb/v7e-m/fpv4-sp/softfp\libcr_eabihelpers.a(memcpy.o)

.debug_frame    0x00000000      0xf54
 .debug_frame   0x00000000      0x170 ./src/cr_startup_lpc43xx.o
 .debug_frame   0x00000170       0xf4 ./src/dac.o
 .debug_frame   0x00000264       0x78 ./src/distance_sensor.o
 .debug_frame   0x000002dc       0xb0 ./src/gpio_set.o
 .debug_frame   0x0000038c       0xac ./src/interruptions.o
 .debug_frame   0x00000438       0xf4 ./src/leds_setup.o
 .debug_frame   0x0000052c       0xf8 ./src/main.o
 .debug_frame   0x00000624       0x88 ./src/scu_set.o
 .debug_frame   0x000006ac       0x34 ./src/sysinit.o
 .debug_frame   0x000006e0      0x15c ./src/timers.o
 .debug_frame   0x0000083c       0x50 ./src/vibrator.o
 .debug_frame   0x0000088c       0x34 ./src/zones.o
 .debug_frame   0x000008c0      0x568 C:\Users\manci\Documents\MCUXpressoIDE_10.2.0_759\workspace\lpc_chip_43xx\Debug\liblpc_chip_43xx.a(clock_18xx_43xx.o)
 .debug_frame   0x00000e28       0x38 C:\Users\manci\Documents\MCUXpressoIDE_10.2.0_759\workspace\lpc_chip_43xx\Debug\liblpc_chip_43xx.a(fpu_init.o)
 .debug_frame   0x00000e60       0xf4 C:\Users\manci\Documents\MCUXpressoIDE_10.2.0_759\workspace\lpc_chip_43xx\Debug\liblpc_chip_43xx.a(sysinit_18xx_43xx.o)

Cross Reference Table

Symbol                                            File
ADC0_IRQHandler                                   ./src/cr_startup_lpc43xx.o
ADC1_IRQHandler                                   ./src/cr_startup_lpc43xx.o
ADCHS_IRQHandler                                  ./src/cr_startup_lpc43xx.o
ATIMER_IRQHandler                                 ./src/cr_startup_lpc43xx.o
BusFault_Handler                                  ./src/cr_startup_lpc43xx.o
CAN0_IRQHandler                                   ./src/cr_startup_lpc43xx.o
CAN1_IRQHandler                                   ./src/cr_startup_lpc43xx.o
CRP_WORD                                          ./src/crp.o
Chip_Clock_CalcMainPLLValue                       C:\Users\manci\Documents\MCUXpressoIDE_10.2.0_759\workspace\lpc_chip_43xx\Debug\liblpc_chip_43xx.a(clock_18xx_43xx.o)
                                                  C:\Users\manci\Documents\MCUXpressoIDE_10.2.0_759\workspace\lpc_chip_43xx\Debug\liblpc_chip_43xx.a(sysinit_18xx_43xx.o)
Chip_Clock_ClearPowerDown                         C:\Users\manci\Documents\MCUXpressoIDE_10.2.0_759\workspace\lpc_chip_43xx\Debug\liblpc_chip_43xx.a(clock_18xx_43xx.o)
Chip_Clock_Disable                                C:\Users\manci\Documents\MCUXpressoIDE_10.2.0_759\workspace\lpc_chip_43xx\Debug\liblpc_chip_43xx.a(clock_18xx_43xx.o)
                                                  ./src/uart_18xx_43xx.o
Chip_Clock_DisableBaseClock                       C:\Users\manci\Documents\MCUXpressoIDE_10.2.0_759\workspace\lpc_chip_43xx\Debug\liblpc_chip_43xx.a(clock_18xx_43xx.o)
Chip_Clock_DisableCrystal                         C:\Users\manci\Documents\MCUXpressoIDE_10.2.0_759\workspace\lpc_chip_43xx\Debug\liblpc_chip_43xx.a(clock_18xx_43xx.o)
Chip_Clock_DisablePLL                             C:\Users\manci\Documents\MCUXpressoIDE_10.2.0_759\workspace\lpc_chip_43xx\Debug\liblpc_chip_43xx.a(clock_18xx_43xx.o)
Chip_Clock_Enable                                 C:\Users\manci\Documents\MCUXpressoIDE_10.2.0_759\workspace\lpc_chip_43xx\Debug\liblpc_chip_43xx.a(clock_18xx_43xx.o)
Chip_Clock_EnableBaseClock                        C:\Users\manci\Documents\MCUXpressoIDE_10.2.0_759\workspace\lpc_chip_43xx\Debug\liblpc_chip_43xx.a(clock_18xx_43xx.o)
Chip_Clock_EnableCrystal                          C:\Users\manci\Documents\MCUXpressoIDE_10.2.0_759\workspace\lpc_chip_43xx\Debug\liblpc_chip_43xx.a(clock_18xx_43xx.o)
                                                  C:\Users\manci\Documents\MCUXpressoIDE_10.2.0_759\workspace\lpc_chip_43xx\Debug\liblpc_chip_43xx.a(sysinit_18xx_43xx.o)
Chip_Clock_EnableOpts                             C:\Users\manci\Documents\MCUXpressoIDE_10.2.0_759\workspace\lpc_chip_43xx\Debug\liblpc_chip_43xx.a(clock_18xx_43xx.o)
                                                  ./src/uart_18xx_43xx.o
Chip_Clock_EnablePLL                              C:\Users\manci\Documents\MCUXpressoIDE_10.2.0_759\workspace\lpc_chip_43xx\Debug\liblpc_chip_43xx.a(clock_18xx_43xx.o)
Chip_Clock_GetBaseClock                           C:\Users\manci\Documents\MCUXpressoIDE_10.2.0_759\workspace\lpc_chip_43xx\Debug\liblpc_chip_43xx.a(clock_18xx_43xx.o)
Chip_Clock_GetBaseClockOpts                       C:\Users\manci\Documents\MCUXpressoIDE_10.2.0_759\workspace\lpc_chip_43xx\Debug\liblpc_chip_43xx.a(clock_18xx_43xx.o)
Chip_Clock_GetBaseClocktHz                        C:\Users\manci\Documents\MCUXpressoIDE_10.2.0_759\workspace\lpc_chip_43xx\Debug\liblpc_chip_43xx.a(clock_18xx_43xx.o)
Chip_Clock_GetClockInputHz                        C:\Users\manci\Documents\MCUXpressoIDE_10.2.0_759\workspace\lpc_chip_43xx\Debug\liblpc_chip_43xx.a(clock_18xx_43xx.o)
Chip_Clock_GetDividerDivisor                      C:\Users\manci\Documents\MCUXpressoIDE_10.2.0_759\workspace\lpc_chip_43xx\Debug\liblpc_chip_43xx.a(clock_18xx_43xx.o)
Chip_Clock_GetDividerSource                       C:\Users\manci\Documents\MCUXpressoIDE_10.2.0_759\workspace\lpc_chip_43xx\Debug\liblpc_chip_43xx.a(clock_18xx_43xx.o)
Chip_Clock_GetEMCRate                             C:\Users\manci\Documents\MCUXpressoIDE_10.2.0_759\workspace\lpc_chip_43xx\Debug\liblpc_chip_43xx.a(clock_18xx_43xx.o)
Chip_Clock_GetMainPLLHz                           C:\Users\manci\Documents\MCUXpressoIDE_10.2.0_759\workspace\lpc_chip_43xx\Debug\liblpc_chip_43xx.a(clock_18xx_43xx.o)
Chip_Clock_GetPLLStatus                           C:\Users\manci\Documents\MCUXpressoIDE_10.2.0_759\workspace\lpc_chip_43xx\Debug\liblpc_chip_43xx.a(clock_18xx_43xx.o)
Chip_Clock_GetRate                                C:\Users\manci\Documents\MCUXpressoIDE_10.2.0_759\workspace\lpc_chip_43xx\Debug\liblpc_chip_43xx.a(clock_18xx_43xx.o)
                                                  ./src/uart_18xx_43xx.o
Chip_Clock_IsBaseClockEnabled                     C:\Users\manci\Documents\MCUXpressoIDE_10.2.0_759\workspace\lpc_chip_43xx\Debug\liblpc_chip_43xx.a(clock_18xx_43xx.o)
Chip_Clock_RTCEnable                              C:\Users\manci\Documents\MCUXpressoIDE_10.2.0_759\workspace\lpc_chip_43xx\Debug\liblpc_chip_43xx.a(clock_18xx_43xx.o)
Chip_Clock_SetBaseClock                           C:\Users\manci\Documents\MCUXpressoIDE_10.2.0_759\workspace\lpc_chip_43xx\Debug\liblpc_chip_43xx.a(clock_18xx_43xx.o)
                                                  C:\Users\manci\Documents\MCUXpressoIDE_10.2.0_759\workspace\lpc_chip_43xx\Debug\liblpc_chip_43xx.a(sysinit_18xx_43xx.o)
Chip_Clock_SetDivider                             C:\Users\manci\Documents\MCUXpressoIDE_10.2.0_759\workspace\lpc_chip_43xx\Debug\liblpc_chip_43xx.a(clock_18xx_43xx.o)
Chip_Clock_SetupMainPLLHz                         C:\Users\manci\Documents\MCUXpressoIDE_10.2.0_759\workspace\lpc_chip_43xx\Debug\liblpc_chip_43xx.a(clock_18xx_43xx.o)
Chip_Clock_SetupMainPLLMult                       C:\Users\manci\Documents\MCUXpressoIDE_10.2.0_759\workspace\lpc_chip_43xx\Debug\liblpc_chip_43xx.a(clock_18xx_43xx.o)
Chip_Clock_SetupPLL                               C:\Users\manci\Documents\MCUXpressoIDE_10.2.0_759\workspace\lpc_chip_43xx\Debug\liblpc_chip_43xx.a(clock_18xx_43xx.o)
Chip_Clock_StartPowerDown                         C:\Users\manci\Documents\MCUXpressoIDE_10.2.0_759\workspace\lpc_chip_43xx\Debug\liblpc_chip_43xx.a(clock_18xx_43xx.o)
Chip_SetupCoreClock                               C:\Users\manci\Documents\MCUXpressoIDE_10.2.0_759\workspace\lpc_chip_43xx\Debug\liblpc_chip_43xx.a(sysinit_18xx_43xx.o)
Chip_SetupIrcClocking                             C:\Users\manci\Documents\MCUXpressoIDE_10.2.0_759\workspace\lpc_chip_43xx\Debug\liblpc_chip_43xx.a(sysinit_18xx_43xx.o)
Chip_SetupXtalClocking                            C:\Users\manci\Documents\MCUXpressoIDE_10.2.0_759\workspace\lpc_chip_43xx\Debug\liblpc_chip_43xx.a(sysinit_18xx_43xx.o)
Chip_SystemInit                                   C:\Users\manci\Documents\MCUXpressoIDE_10.2.0_759\workspace\lpc_chip_43xx\Debug\liblpc_chip_43xx.a(sysinit_18xx_43xx.o)
                                                  ./src/sysinit.o
Chip_UART_ABCmd                                   ./src/uart_18xx_43xx.o
Chip_UART_CheckBusy                               ./src/uart_18xx_43xx.o
Chip_UART_DeInit                                  ./src/uart_18xx_43xx.o
Chip_UART_GetABEOStatus                           ./src/uart_18xx_43xx.o
Chip_UART_IRQRBHandler                            ./src/uart_18xx_43xx.o
Chip_UART_Init                                    ./src/uart_18xx_43xx.o
Chip_UART_RXIntHandlerRB                          ./src/uart_18xx_43xx.o
Chip_UART_Read                                    ./src/uart_18xx_43xx.o
Chip_UART_ReadBlocking                            ./src/uart_18xx_43xx.o
Chip_UART_ReadRB                                  ./src/uart_18xx_43xx.o
Chip_UART_Send                                    ./src/uart_18xx_43xx.o
Chip_UART_SendBlocking                            ./src/uart_18xx_43xx.o
Chip_UART_SendRB                                  ./src/uart_18xx_43xx.o
Chip_UART_SetBaud                                 ./src/uart_18xx_43xx.o
Chip_UART_SetBaudFDR                              ./src/uart_18xx_43xx.o
Chip_UART_TXIntHandlerRB                          ./src/uart_18xx_43xx.o
Clock_enable                                      ./src/timers.o
DAC_IRQHandler                                    ./src/cr_startup_lpc43xx.o
DAC_init                                          ./src/main.o
DMA_IRQHandler                                    ./src/cr_startup_lpc43xx.o
DebugMon_Handler                                  ./src/cr_startup_lpc43xx.o
ETH_IRQHandler                                    ./src/cr_startup_lpc43xx.o
EVRT_IRQHandler                                   ./src/cr_startup_lpc43xx.o
Enable_DAC                                        ./src/dac.o
                                                  ./src/main.o
Enable_DMA                                        ./src/dac.o
Enable_ENAIO                                      ./src/dac.o
Enable_NVIC                                       ./src/interruptions.o
                                                  ./src/main.o
Enable_PIN_INT                                    ./src/interruptions.o
                                                  ./src/main.o
ExtRateIn                                         ./src/sysinit.o
                                                  C:\Users\manci\Documents\MCUXpressoIDE_10.2.0_759\workspace\lpc_chip_43xx\Debug\liblpc_chip_43xx.a(clock_18xx_43xx.o)
FLASH_EEPROM_IRQHandler                           ./src/cr_startup_lpc43xx.o
GINT0_IRQHandler                                  ./src/cr_startup_lpc43xx.o
GINT1_IRQHandler                                  ./src/cr_startup_lpc43xx.o
GPIO0_IRQHandler                                  ./src/main.o
                                                  ./src/cr_startup_lpc43xx.o
GPIO1_IRQHandler                                  ./src/cr_startup_lpc43xx.o
GPIO2_IRQHandler                                  ./src/cr_startup_lpc43xx.o
GPIO3_IRQHandler                                  ./src/cr_startup_lpc43xx.o
GPIO4_IRQHandler                                  ./src/cr_startup_lpc43xx.o
GPIO5_IRQHandler                                  ./src/cr_startup_lpc43xx.o
GPIO6_IRQHandler                                  ./src/cr_startup_lpc43xx.o
GPIO7_IRQHandler                                  ./src/cr_startup_lpc43xx.o
GPIO_FLAG                                         ./src/main.o
                                                  ./src/distance_sensor.o
GPIO_GetPinState                                  ./src/gpio_set.o
                                                  ./src/tec_setup.o
GPIO_SetPin                                       ./src/gpio_set.o
                                                  ./src/main.o
                                                  ./src/leds_setup.o
                                                  ./src/distance_sensor.o
GPIO_SetPinDIR                                    ./src/gpio_set.o
                                                  ./src/tec_setup.o
                                                  ./src/main.o
                                                  ./src/leds_setup.o
GPIO_TogglePin                                    ./src/gpio_set.o
                                                  ./src/leds_setup.o
GPIO_init                                         ./src/main.o
HardFault_Handler                                 ./src/cr_startup_lpc43xx.o
I2C0_IRQHandler                                   ./src/cr_startup_lpc43xx.o
I2C1_IRQHandler                                   ./src/cr_startup_lpc43xx.o
I2S0_IRQHandler                                   ./src/cr_startup_lpc43xx.o
I2S1_IRQHandler                                   ./src/cr_startup_lpc43xx.o
IntDefaultHandler                                 ./src/cr_startup_lpc43xx.o
LCD_IRQHandler                                    ./src/cr_startup_lpc43xx.o
LED_ALL                                           ./src/leds_setup.o
                                                  ./src/main.o
LED_ALL_OFF                                       ./src/leds_setup.o
LED_ALL_ON                                        ./src/leds_setup.o
                                                  ./src/main.o
LED_cfg                                           ./src/leds_setup.o
LED_high                                          ./src/leds_setup.o
                                                  ./src/zones.o
LED_low                                           ./src/leds_setup.o
                                                  ./src/zones.o
LED_toggle                                        ./src/leds_setup.o
M0APP_IRQHandler                                  ./src/cr_startup_lpc43xx.o
M0SUB_IRQHandler                                  ./src/cr_startup_lpc43xx.o
MCPWM_IRQHandler                                  ./src/cr_startup_lpc43xx.o
MemManage_Handler                                 ./src/cr_startup_lpc43xx.o
NMI_Handler                                       ./src/cr_startup_lpc43xx.o
NVIC_init                                         ./src/main.o
OscRateIn                                         ./src/sysinit.o
                                                  C:\Users\manci\Documents\MCUXpressoIDE_10.2.0_759\workspace\lpc_chip_43xx\Debug\liblpc_chip_43xx.a(clock_18xx_43xx.o)
PERIPHERAL_init                                   ./src/main.o
PendSV_Handler                                    ./src/cr_startup_lpc43xx.o
QEI_IRQHandler                                    ./src/cr_startup_lpc43xx.o
RIT_IRQHandler                                    ./src/cr_startup_lpc43xx.o
RTC_IRQHandler                                    ./src/cr_startup_lpc43xx.o
ResetISR                                          ./src/cr_startup_lpc43xx.o
RingBuffer_Init                                   C:\Users\manci\Documents\MCUXpressoIDE_10.2.0_759\workspace\lpc_chip_43xx\Debug\liblpc_chip_43xx.a(ring_buffer.o)
RingBuffer_Insert                                 C:\Users\manci\Documents\MCUXpressoIDE_10.2.0_759\workspace\lpc_chip_43xx\Debug\liblpc_chip_43xx.a(ring_buffer.o)
                                                  ./src/uart_18xx_43xx.o
RingBuffer_InsertMult                             C:\Users\manci\Documents\MCUXpressoIDE_10.2.0_759\workspace\lpc_chip_43xx\Debug\liblpc_chip_43xx.a(ring_buffer.o)
                                                  ./src/uart_18xx_43xx.o
RingBuffer_Pop                                    C:\Users\manci\Documents\MCUXpressoIDE_10.2.0_759\workspace\lpc_chip_43xx\Debug\liblpc_chip_43xx.a(ring_buffer.o)
                                                  ./src/uart_18xx_43xx.o
RingBuffer_PopMult                                C:\Users\manci\Documents\MCUXpressoIDE_10.2.0_759\workspace\lpc_chip_43xx\Debug\liblpc_chip_43xx.a(ring_buffer.o)
                                                  ./src/uart_18xx_43xx.o
SAMPLES_NUM                                       ./src/dac.o
SCT_IRQHandler                                    ./src/cr_startup_lpc43xx.o
SCU_DisableGlitchFilter                           ./src/scu_set.o
                                                  ./src/main.o
SCU_EnableBuffer                                  ./src/scu_set.o
                                                  ./src/main.o
SCU_SetEZI                                        ./src/tec_setup.o
SCU_SetPin                                        ./src/scu_set.o
                                                  ./src/tec_setup.o
                                                  ./src/main.o
                                                  ./src/leds_setup.o
SCU_init                                          ./src/main.o
SDIO_IRQHandler                                   ./src/cr_startup_lpc43xx.o
SGPIO_IRQHandler                                  ./src/cr_startup_lpc43xx.o
SPIFI_IRQHandler                                  ./src/cr_startup_lpc43xx.o
SPI_IRQHandler                                    ./src/cr_startup_lpc43xx.o
SSP0_IRQHandler                                   ./src/cr_startup_lpc43xx.o
SSP1_IRQHandler                                   ./src/cr_startup_lpc43xx.o
SVC_Handler                                       ./src/cr_startup_lpc43xx.o
SelectEdge_PIN_INT                                ./src/interruptions.o
Select_GPIO_interrupt                             ./src/interruptions.o
                                                  ./src/main.o
SysTick_Handler                                   ./src/cr_startup_lpc43xx.o
SystemInit                                        ./src/sysinit.o
                                                  ./src/cr_startup_lpc43xx.o
TEC_ALL                                           ./src/tec_setup.o
TEC_GetState                                      ./src/tec_setup.o
TEC_cfg                                           ./src/tec_setup.o
TIMER0_IRQHandler                                 ./src/cr_startup_lpc43xx.o
TIMER1_IRQHandler                                 ./src/cr_startup_lpc43xx.o
TIMER2_IRQHandler                                 ./src/cr_startup_lpc43xx.o
TIMER3_IRQHandler                                 ./src/cr_startup_lpc43xx.o
TIMERS_init                                       ./src/main.o
TIMER_ReadCount                                   ./src/timers.o
                                                  ./src/distance_sensor.o
TIMER_SetFrequency                                ./src/timers.o
                                                  ./src/main.o
TIMER_disable                                     ./src/timers.o
TIMER_enable                                      ./src/timers.o
                                                  ./src/distance_sensor.o
TIMER_getPTR                                      ./src/timers.o
TIMER_init                                        ./src/timers.o
                                                  ./src/main.o
TIMER_reset                                       ./src/timers.o
                                                  ./src/main.o
                                                  ./src/distance_sensor.o
UART0_IRQHandler                                  ./src/cr_startup_lpc43xx.o
UART1_IRQHandler                                  ./src/cr_startup_lpc43xx.o
UART2_IRQHandler                                  ./src/cr_startup_lpc43xx.o
UART3_IRQHandler                                  ./src/cr_startup_lpc43xx.o
USB0_IRQHandler                                   ./src/cr_startup_lpc43xx.o
USB1_IRQHandler                                   ./src/cr_startup_lpc43xx.o
UsageFault_Handler                                ./src/cr_startup_lpc43xx.o
Values_DAC                                        ./src/dac.o
                                                  ./src/vibrator.o
                                                  ./src/main.o
WDT_IRQHandler                                    ./src/cr_startup_lpc43xx.o
__aeabi_cdcmpeq                                   c:/nxp/mcuxpressoide_10.2.0_759/ide/tools/bin/../lib/gcc/arm-none-eabi/7.2.1/thumb/v7e-m/fpv4-sp/softfp\libcr_eabihelpers.a(double.o)
__aeabi_cdcmple                                   c:/nxp/mcuxpressoide_10.2.0_759/ide/tools/bin/../lib/gcc/arm-none-eabi/7.2.1/thumb/v7e-m/fpv4-sp/softfp\libcr_eabihelpers.a(double.o)
__aeabi_cdrcmple                                  c:/nxp/mcuxpressoide_10.2.0_759/ide/tools/bin/../lib/gcc/arm-none-eabi/7.2.1/thumb/v7e-m/fpv4-sp/softfp\libcr_eabihelpers.a(double.o)
__aeabi_cfcmpeq                                   c:/nxp/mcuxpressoide_10.2.0_759/ide/tools/bin/../lib/gcc/arm-none-eabi/7.2.1/thumb/v7e-m/fpv4-sp/softfp\libcr_eabihelpers.a(float.o)
__aeabi_cfcmple                                   c:/nxp/mcuxpressoide_10.2.0_759/ide/tools/bin/../lib/gcc/arm-none-eabi/7.2.1/thumb/v7e-m/fpv4-sp/softfp\libcr_eabihelpers.a(float.o)
__aeabi_cfrcmple                                  c:/nxp/mcuxpressoide_10.2.0_759/ide/tools/bin/../lib/gcc/arm-none-eabi/7.2.1/thumb/v7e-m/fpv4-sp/softfp\libcr_eabihelpers.a(float.o)
__aeabi_d2f                                       c:/nxp/mcuxpressoide_10.2.0_759/ide/tools/bin/../lib/gcc/arm-none-eabi/7.2.1/thumb/v7e-m/fpv4-sp/softfp\libcr_eabihelpers.a(double.o)
__aeabi_d2iz                                      c:/nxp/mcuxpressoide_10.2.0_759/ide/tools/bin/../lib/gcc/arm-none-eabi/7.2.1/thumb/v7e-m/fpv4-sp/softfp\libcr_eabihelpers.a(double.o)
                                                  c:/nxp/mcuxpressoide_10.2.0_759/ide/tools/bin/../lib/gcc/arm-none-eabi/7.2.1/../../../../arm-none-eabi/lib/thumb/v7e-m/fpv4-sp/softfp\libcr_c.a(_sincos.o)
                                                  ./src/dac.o
__aeabi_d2lz                                      c:/nxp/mcuxpressoide_10.2.0_759/ide/tools/bin/../lib/gcc/arm-none-eabi/7.2.1/thumb/v7e-m/fpv4-sp/softfp\libcr_eabihelpers.a(double.o)
__aeabi_d2uiz                                     c:/nxp/mcuxpressoide_10.2.0_759/ide/tools/bin/../lib/gcc/arm-none-eabi/7.2.1/thumb/v7e-m/fpv4-sp/softfp\libcr_eabihelpers.a(double.o)
__aeabi_d2ulz                                     c:/nxp/mcuxpressoide_10.2.0_759/ide/tools/bin/../lib/gcc/arm-none-eabi/7.2.1/thumb/v7e-m/fpv4-sp/softfp\libcr_eabihelpers.a(double.o)
__aeabi_dadd                                      c:/nxp/mcuxpressoide_10.2.0_759/ide/tools/bin/../lib/gcc/arm-none-eabi/7.2.1/thumb/v7e-m/fpv4-sp/softfp\libcr_eabihelpers.a(double.o)
                                                  c:/nxp/mcuxpressoide_10.2.0_759/ide/tools/bin/../lib/gcc/arm-none-eabi/7.2.1/../../../../arm-none-eabi/lib/thumb/v7e-m/fpv4-sp/softfp\libcr_c.a(_sincos.o)
                                                  ./src/dac.o
__aeabi_dcmpeq                                    c:/nxp/mcuxpressoide_10.2.0_759/ide/tools/bin/../lib/gcc/arm-none-eabi/7.2.1/thumb/v7e-m/fpv4-sp/softfp\libcr_eabihelpers.a(double.o)
__aeabi_dcmpge                                    c:/nxp/mcuxpressoide_10.2.0_759/ide/tools/bin/../lib/gcc/arm-none-eabi/7.2.1/thumb/v7e-m/fpv4-sp/softfp\libcr_eabihelpers.a(double.o)
                                                  c:/nxp/mcuxpressoide_10.2.0_759/ide/tools/bin/../lib/gcc/arm-none-eabi/7.2.1/../../../../arm-none-eabi/lib/thumb/v7e-m/fpv4-sp/softfp\libcr_c.a(_sincos.o)
__aeabi_dcmpgt                                    c:/nxp/mcuxpressoide_10.2.0_759/ide/tools/bin/../lib/gcc/arm-none-eabi/7.2.1/thumb/v7e-m/fpv4-sp/softfp\libcr_eabihelpers.a(double.o)
__aeabi_dcmple                                    c:/nxp/mcuxpressoide_10.2.0_759/ide/tools/bin/../lib/gcc/arm-none-eabi/7.2.1/thumb/v7e-m/fpv4-sp/softfp\libcr_eabihelpers.a(double.o)
__aeabi_dcmplt                                    c:/nxp/mcuxpressoide_10.2.0_759/ide/tools/bin/../lib/gcc/arm-none-eabi/7.2.1/thumb/v7e-m/fpv4-sp/softfp\libcr_eabihelpers.a(double.o)
                                                  c:/nxp/mcuxpressoide_10.2.0_759/ide/tools/bin/../lib/gcc/arm-none-eabi/7.2.1/../../../../arm-none-eabi/lib/thumb/v7e-m/fpv4-sp/softfp\libcr_c.a(fabs.o)
                                                  c:/nxp/mcuxpressoide_10.2.0_759/ide/tools/bin/../lib/gcc/arm-none-eabi/7.2.1/../../../../arm-none-eabi/lib/thumb/v7e-m/fpv4-sp/softfp\libcr_c.a(sin.o)
__aeabi_dcmpun                                    c:/nxp/mcuxpressoide_10.2.0_759/ide/tools/bin/../lib/gcc/arm-none-eabi/7.2.1/thumb/v7e-m/fpv4-sp/softfp\libcr_eabihelpers.a(double.o)
__aeabi_ddiv                                      c:/nxp/mcuxpressoide_10.2.0_759/ide/tools/bin/../lib/gcc/arm-none-eabi/7.2.1/thumb/v7e-m/fpv4-sp/softfp\libcr_eabihelpers.a(double.o)
                                                  c:/nxp/mcuxpressoide_10.2.0_759/ide/tools/bin/../lib/gcc/arm-none-eabi/7.2.1/../../../../arm-none-eabi/lib/thumb/v7e-m/fpv4-sp/softfp\libcr_c.a(_sincos.o)
                                                  ./src/dac.o
__aeabi_dmul                                      c:/nxp/mcuxpressoide_10.2.0_759/ide/tools/bin/../lib/gcc/arm-none-eabi/7.2.1/thumb/v7e-m/fpv4-sp/softfp\libcr_eabihelpers.a(double.o)
                                                  c:/nxp/mcuxpressoide_10.2.0_759/ide/tools/bin/../lib/gcc/arm-none-eabi/7.2.1/../../../../arm-none-eabi/lib/thumb/v7e-m/fpv4-sp/softfp\libcr_c.a(_sincos.o)
                                                  ./src/dac.o
__aeabi_dneg                                      c:/nxp/mcuxpressoide_10.2.0_759/ide/tools/bin/../lib/gcc/arm-none-eabi/7.2.1/thumb/v7e-m/fpv4-sp/softfp\libcr_eabihelpers.a(double.o)
__aeabi_drsub                                     c:/nxp/mcuxpressoide_10.2.0_759/ide/tools/bin/../lib/gcc/arm-none-eabi/7.2.1/thumb/v7e-m/fpv4-sp/softfp\libcr_eabihelpers.a(double.o)
__aeabi_dsub                                      c:/nxp/mcuxpressoide_10.2.0_759/ide/tools/bin/../lib/gcc/arm-none-eabi/7.2.1/thumb/v7e-m/fpv4-sp/softfp\libcr_eabihelpers.a(double.o)
                                                  c:/nxp/mcuxpressoide_10.2.0_759/ide/tools/bin/../lib/gcc/arm-none-eabi/7.2.1/../../../../arm-none-eabi/lib/thumb/v7e-m/fpv4-sp/softfp\libcr_c.a(_sincos.o)
__aeabi_f2d                                       c:/nxp/mcuxpressoide_10.2.0_759/ide/tools/bin/../lib/gcc/arm-none-eabi/7.2.1/thumb/v7e-m/fpv4-sp/softfp\libcr_eabihelpers.a(float.o)
                                                  ./src/dac.o
__aeabi_f2iz                                      c:/nxp/mcuxpressoide_10.2.0_759/ide/tools/bin/../lib/gcc/arm-none-eabi/7.2.1/thumb/v7e-m/fpv4-sp/softfp\libcr_eabihelpers.a(float.o)
__aeabi_f2lz                                      c:/nxp/mcuxpressoide_10.2.0_759/ide/tools/bin/../lib/gcc/arm-none-eabi/7.2.1/thumb/v7e-m/fpv4-sp/softfp\libcr_eabihelpers.a(float.o)
__aeabi_f2uiz                                     c:/nxp/mcuxpressoide_10.2.0_759/ide/tools/bin/../lib/gcc/arm-none-eabi/7.2.1/thumb/v7e-m/fpv4-sp/softfp\libcr_eabihelpers.a(float.o)
__aeabi_f2ulz                                     c:/nxp/mcuxpressoide_10.2.0_759/ide/tools/bin/../lib/gcc/arm-none-eabi/7.2.1/thumb/v7e-m/fpv4-sp/softfp\libcr_eabihelpers.a(float.o)
__aeabi_fadd                                      c:/nxp/mcuxpressoide_10.2.0_759/ide/tools/bin/../lib/gcc/arm-none-eabi/7.2.1/thumb/v7e-m/fpv4-sp/softfp\libcr_eabihelpers.a(float.o)
__aeabi_fcmpeq                                    c:/nxp/mcuxpressoide_10.2.0_759/ide/tools/bin/../lib/gcc/arm-none-eabi/7.2.1/thumb/v7e-m/fpv4-sp/softfp\libcr_eabihelpers.a(float.o)
__aeabi_fcmpge                                    c:/nxp/mcuxpressoide_10.2.0_759/ide/tools/bin/../lib/gcc/arm-none-eabi/7.2.1/thumb/v7e-m/fpv4-sp/softfp\libcr_eabihelpers.a(float.o)
__aeabi_fcmpgt                                    c:/nxp/mcuxpressoide_10.2.0_759/ide/tools/bin/../lib/gcc/arm-none-eabi/7.2.1/thumb/v7e-m/fpv4-sp/softfp\libcr_eabihelpers.a(float.o)
__aeabi_fcmple                                    c:/nxp/mcuxpressoide_10.2.0_759/ide/tools/bin/../lib/gcc/arm-none-eabi/7.2.1/thumb/v7e-m/fpv4-sp/softfp\libcr_eabihelpers.a(float.o)
__aeabi_fcmplt                                    c:/nxp/mcuxpressoide_10.2.0_759/ide/tools/bin/../lib/gcc/arm-none-eabi/7.2.1/thumb/v7e-m/fpv4-sp/softfp\libcr_eabihelpers.a(float.o)
__aeabi_fcmpun                                    c:/nxp/mcuxpressoide_10.2.0_759/ide/tools/bin/../lib/gcc/arm-none-eabi/7.2.1/thumb/v7e-m/fpv4-sp/softfp\libcr_eabihelpers.a(float.o)
__aeabi_fdiv                                      c:/nxp/mcuxpressoide_10.2.0_759/ide/tools/bin/../lib/gcc/arm-none-eabi/7.2.1/thumb/v7e-m/fpv4-sp/softfp\libcr_eabihelpers.a(float.o)
__aeabi_fmul                                      c:/nxp/mcuxpressoide_10.2.0_759/ide/tools/bin/../lib/gcc/arm-none-eabi/7.2.1/thumb/v7e-m/fpv4-sp/softfp\libcr_eabihelpers.a(float.o)
__aeabi_fneg                                      c:/nxp/mcuxpressoide_10.2.0_759/ide/tools/bin/../lib/gcc/arm-none-eabi/7.2.1/thumb/v7e-m/fpv4-sp/softfp\libcr_eabihelpers.a(float.o)
__aeabi_frsub                                     c:/nxp/mcuxpressoide_10.2.0_759/ide/tools/bin/../lib/gcc/arm-none-eabi/7.2.1/thumb/v7e-m/fpv4-sp/softfp\libcr_eabihelpers.a(float.o)
__aeabi_fsub                                      c:/nxp/mcuxpressoide_10.2.0_759/ide/tools/bin/../lib/gcc/arm-none-eabi/7.2.1/thumb/v7e-m/fpv4-sp/softfp\libcr_eabihelpers.a(float.o)
__aeabi_i2d                                       c:/nxp/mcuxpressoide_10.2.0_759/ide/tools/bin/../lib/gcc/arm-none-eabi/7.2.1/thumb/v7e-m/fpv4-sp/softfp\libcr_eabihelpers.a(double.o)
                                                  c:/nxp/mcuxpressoide_10.2.0_759/ide/tools/bin/../lib/gcc/arm-none-eabi/7.2.1/../../../../arm-none-eabi/lib/thumb/v7e-m/fpv4-sp/softfp\libcr_c.a(_sincos.o)
                                                  ./src/dac.o
__aeabi_i2f                                       c:/nxp/mcuxpressoide_10.2.0_759/ide/tools/bin/../lib/gcc/arm-none-eabi/7.2.1/thumb/v7e-m/fpv4-sp/softfp\libcr_eabihelpers.a(float.o)
__aeabi_idiv0                                     c:/nxp/mcuxpressoide_10.2.0_759/ide/tools/bin/../lib/gcc/arm-none-eabi/7.2.1/thumb/v7e-m/fpv4-sp/softfp\libcr_eabihelpers.a(division_idiv0.o)
                                                  c:/nxp/mcuxpressoide_10.2.0_759/ide/tools/bin/../lib/gcc/arm-none-eabi/7.2.1/thumb/v7e-m/fpv4-sp/softfp\libcr_eabihelpers.a(division_64.o)
__aeabi_l2d                                       c:/nxp/mcuxpressoide_10.2.0_759/ide/tools/bin/../lib/gcc/arm-none-eabi/7.2.1/thumb/v7e-m/fpv4-sp/softfp\libcr_eabihelpers.a(double.o)
__aeabi_l2f                                       c:/nxp/mcuxpressoide_10.2.0_759/ide/tools/bin/../lib/gcc/arm-none-eabi/7.2.1/thumb/v7e-m/fpv4-sp/softfp\libcr_eabihelpers.a(float.o)
__aeabi_ldivmod                                   c:/nxp/mcuxpressoide_10.2.0_759/ide/tools/bin/../lib/gcc/arm-none-eabi/7.2.1/thumb/v7e-m/fpv4-sp/softfp\libcr_eabihelpers.a(division_64.o)
__aeabi_lowlevel_memset                           c:/nxp/mcuxpressoide_10.2.0_759/ide/tools/bin/../lib/gcc/arm-none-eabi/7.2.1/thumb/v7e-m/fpv4-sp/softfp\libcr_eabihelpers.a(memcpy.o)
                                                  c:/nxp/mcuxpressoide_10.2.0_759/ide/tools/bin/../lib/gcc/arm-none-eabi/7.2.1/../../../../arm-none-eabi/lib/thumb/v7e-m/fpv4-sp/softfp\libcr_c.a(memset.o)
__aeabi_memclr                                    c:/nxp/mcuxpressoide_10.2.0_759/ide/tools/bin/../lib/gcc/arm-none-eabi/7.2.1/thumb/v7e-m/fpv4-sp/softfp\libcr_eabihelpers.a(memcpy.o)
__aeabi_memclr4                                   c:/nxp/mcuxpressoide_10.2.0_759/ide/tools/bin/../lib/gcc/arm-none-eabi/7.2.1/thumb/v7e-m/fpv4-sp/softfp\libcr_eabihelpers.a(memcpy.o)
__aeabi_memclr8                                   c:/nxp/mcuxpressoide_10.2.0_759/ide/tools/bin/../lib/gcc/arm-none-eabi/7.2.1/thumb/v7e-m/fpv4-sp/softfp\libcr_eabihelpers.a(memcpy.o)
__aeabi_memcpy                                    c:/nxp/mcuxpressoide_10.2.0_759/ide/tools/bin/../lib/gcc/arm-none-eabi/7.2.1/thumb/v7e-m/fpv4-sp/softfp\libcr_eabihelpers.a(memcpy.o)
                                                  c:/nxp/mcuxpressoide_10.2.0_759/ide/tools/bin/../lib/gcc/arm-none-eabi/7.2.1/../../../../arm-none-eabi/lib/thumb/v7e-m/fpv4-sp/softfp\libcr_c.a(memcpy.o)
__aeabi_memcpy4                                   c:/nxp/mcuxpressoide_10.2.0_759/ide/tools/bin/../lib/gcc/arm-none-eabi/7.2.1/thumb/v7e-m/fpv4-sp/softfp\libcr_eabihelpers.a(memcpy.o)
__aeabi_memcpy8                                   c:/nxp/mcuxpressoide_10.2.0_759/ide/tools/bin/../lib/gcc/arm-none-eabi/7.2.1/thumb/v7e-m/fpv4-sp/softfp\libcr_eabihelpers.a(memcpy.o)
__aeabi_memmove                                   c:/nxp/mcuxpressoide_10.2.0_759/ide/tools/bin/../lib/gcc/arm-none-eabi/7.2.1/thumb/v7e-m/fpv4-sp/softfp\libcr_eabihelpers.a(memcpy.o)
__aeabi_memmove4                                  c:/nxp/mcuxpressoide_10.2.0_759/ide/tools/bin/../lib/gcc/arm-none-eabi/7.2.1/thumb/v7e-m/fpv4-sp/softfp\libcr_eabihelpers.a(memcpy.o)
__aeabi_memmove8                                  c:/nxp/mcuxpressoide_10.2.0_759/ide/tools/bin/../lib/gcc/arm-none-eabi/7.2.1/thumb/v7e-m/fpv4-sp/softfp\libcr_eabihelpers.a(memcpy.o)
__aeabi_memset                                    c:/nxp/mcuxpressoide_10.2.0_759/ide/tools/bin/../lib/gcc/arm-none-eabi/7.2.1/thumb/v7e-m/fpv4-sp/softfp\libcr_eabihelpers.a(memcpy.o)
__aeabi_memset4                                   c:/nxp/mcuxpressoide_10.2.0_759/ide/tools/bin/../lib/gcc/arm-none-eabi/7.2.1/thumb/v7e-m/fpv4-sp/softfp\libcr_eabihelpers.a(memcpy.o)
__aeabi_memset8                                   c:/nxp/mcuxpressoide_10.2.0_759/ide/tools/bin/../lib/gcc/arm-none-eabi/7.2.1/thumb/v7e-m/fpv4-sp/softfp\libcr_eabihelpers.a(memcpy.o)
__aeabi_ui2d                                      c:/nxp/mcuxpressoide_10.2.0_759/ide/tools/bin/../lib/gcc/arm-none-eabi/7.2.1/thumb/v7e-m/fpv4-sp/softfp\libcr_eabihelpers.a(double.o)
__aeabi_ui2f                                      c:/nxp/mcuxpressoide_10.2.0_759/ide/tools/bin/../lib/gcc/arm-none-eabi/7.2.1/thumb/v7e-m/fpv4-sp/softfp\libcr_eabihelpers.a(float.o)
__aeabi_ul2d                                      c:/nxp/mcuxpressoide_10.2.0_759/ide/tools/bin/../lib/gcc/arm-none-eabi/7.2.1/thumb/v7e-m/fpv4-sp/softfp\libcr_eabihelpers.a(double.o)
__aeabi_ul2f                                      c:/nxp/mcuxpressoide_10.2.0_759/ide/tools/bin/../lib/gcc/arm-none-eabi/7.2.1/thumb/v7e-m/fpv4-sp/softfp\libcr_eabihelpers.a(float.o)
__aeabi_uldivmod                                  c:/nxp/mcuxpressoide_10.2.0_759/ide/tools/bin/../lib/gcc/arm-none-eabi/7.2.1/thumb/v7e-m/fpv4-sp/softfp\libcr_eabihelpers.a(division_64.o)
                                                  ./src/uart_18xx_43xx.o
__bhs_ldivmod1                                    c:/nxp/mcuxpressoide_10.2.0_759/ide/tools/bin/../lib/gcc/arm-none-eabi/7.2.1/thumb/v7e-m/fpv4-sp/softfp\libcr_eabihelpers.a(division_64.o)
__bhs_ui2d                                        c:/nxp/mcuxpressoide_10.2.0_759/ide/tools/bin/../lib/gcc/arm-none-eabi/7.2.1/thumb/v7e-m/fpv4-sp/softfp\libcr_eabihelpers.a(double.o)
__bhs_ui2f                                        c:/nxp/mcuxpressoide_10.2.0_759/ide/tools/bin/../lib/gcc/arm-none-eabi/7.2.1/thumb/v7e-m/fpv4-sp/softfp\libcr_eabihelpers.a(float.o)
__bhs_ul2d                                        c:/nxp/mcuxpressoide_10.2.0_759/ide/tools/bin/../lib/gcc/arm-none-eabi/7.2.1/thumb/v7e-m/fpv4-sp/softfp\libcr_eabihelpers.a(double.o)
__bhs_ul2f                                        c:/nxp/mcuxpressoide_10.2.0_759/ide/tools/bin/../lib/gcc/arm-none-eabi/7.2.1/thumb/v7e-m/fpv4-sp/softfp\libcr_eabihelpers.a(float.o)
__bss_section_table_end                           ./src/cr_startup_lpc43xx.o
__data_section_table                              ./src/cr_startup_lpc43xx.o
__data_section_table_end                          ./src/cr_startup_lpc43xx.o
__huge_val                                        c:/nxp/mcuxpressoide_10.2.0_759/ide/tools/bin/../lib/gcc/arm-none-eabi/7.2.1/../../../../arm-none-eabi/lib/thumb/v7e-m/fpv4-sp/softfp\libcr_c.a(_hugeval.o)
                                                  c:/nxp/mcuxpressoide_10.2.0_759/ide/tools/bin/../lib/gcc/arm-none-eabi/7.2.1/../../../../arm-none-eabi/lib/thumb/v7e-m/fpv4-sp/softfp\libcr_c.a(_sincos.o)
__huge_vall                                       c:/nxp/mcuxpressoide_10.2.0_759/ide/tools/bin/../lib/gcc/arm-none-eabi/7.2.1/../../../../arm-none-eabi/lib/thumb/v7e-m/fpv4-sp/softfp\libcr_c.a(_hugeval.o)
__main                                            c:/nxp/mcuxpressoide_10.2.0_759/ide/tools/bin/../lib/gcc/arm-none-eabi/7.2.1/../../../../arm-none-eabi/lib/thumb/v7e-m/fpv4-sp/softfp\libcr_c.a(__weak__main.o)
                                                  ./src/cr_startup_lpc43xx.o
__valid_user_code_checksum                        ./src/cr_startup_lpc43xx.o
__weak_main                                       c:/nxp/mcuxpressoide_10.2.0_759/ide/tools/bin/../lib/gcc/arm-none-eabi/7.2.1/../../../../arm-none-eabi/lib/thumb/v7e-m/fpv4-sp/softfp\libcr_c.a(__weak__main.o)
_sincos                                           c:/nxp/mcuxpressoide_10.2.0_759/ide/tools/bin/../lib/gcc/arm-none-eabi/7.2.1/../../../../arm-none-eabi/lib/thumb/v7e-m/fpv4-sp/softfp\libcr_c.a(_sincos.o)
                                                  c:/nxp/mcuxpressoide_10.2.0_759/ide/tools/bin/../lib/gcc/arm-none-eabi/7.2.1/../../../../arm-none-eabi/lib/thumb/v7e-m/fpv4-sp/softfp\libcr_c.a(sin.o)
_vStackTop                                        ./src/cr_startup_lpc43xx.o
bss_init                                          ./src/cr_startup_lpc43xx.o
cfg_DAC                                           ./src/dac.o
cfg_DMA                                           ./src/dac.o
data_init                                         ./src/cr_startup_lpc43xx.o
delay_us                                          ./src/timers.o
                                                  ./src/main.o
                                                  ./src/distance_sensor.o
distance_cm                                       ./src/distance_sensor.o
distance_sensor_listen_echo                       ./src/distance_sensor.o
                                                  ./src/main.o
distance_sensor_trigger                           ./src/distance_sensor.o
                                                  ./src/main.o
errno                                             c:/nxp/mcuxpressoide_10.2.0_759/ide/tools/bin/../lib/gcc/arm-none-eabi/7.2.1/../../../../arm-none-eabi/lib/thumb/v7e-m/fpv4-sp/softfp\libcr_c.a(errno.o)
                                                  c:/nxp/mcuxpressoide_10.2.0_759/ide/tools/bin/../lib/gcc/arm-none-eabi/7.2.1/../../../../arm-none-eabi/lib/thumb/v7e-m/fpv4-sp/softfp\libcr_c.a(_sincos.o)
fabs                                              c:/nxp/mcuxpressoide_10.2.0_759/ide/tools/bin/../lib/gcc/arm-none-eabi/7.2.1/../../../../arm-none-eabi/lib/thumb/v7e-m/fpv4-sp/softfp\libcr_c.a(fabs.o)
                                                  c:/nxp/mcuxpressoide_10.2.0_759/ide/tools/bin/../lib/gcc/arm-none-eabi/7.2.1/../../../../arm-none-eabi/lib/thumb/v7e-m/fpv4-sp/softfp\libcr_c.a(_sincos.o)
flag_T1                                           ./src/dac.o
flag_T2                                           ./src/dac.o
flag_T3                                           ./src/dac.o
flag_T4                                           ./src/dac.o
fpuInit                                           C:\Users\manci\Documents\MCUXpressoIDE_10.2.0_759\workspace\lpc_chip_43xx\Debug\liblpc_chip_43xx.a(fpu_init.o)
                                                  ./src/sysinit.o
g_pfnVectors                                      ./src/cr_startup_lpc43xx.o
                                                  ./src/sysinit.o
main                                              ./src/main.o
                                                  c:/nxp/mcuxpressoide_10.2.0_759/ide/tools/bin/../lib/gcc/arm-none-eabi/7.2.1/../../../../arm-none-eabi/lib/thumb/v7e-m/fpv4-sp/softfp\libcr_c.a(__weak__main.o)
memcpy                                            c:/nxp/mcuxpressoide_10.2.0_759/ide/tools/bin/../lib/gcc/arm-none-eabi/7.2.1/../../../../arm-none-eabi/lib/thumb/v7e-m/fpv4-sp/softfp\libcr_c.a(memcpy.o)
                                                  C:\Users\manci\Documents\MCUXpressoIDE_10.2.0_759\workspace\lpc_chip_43xx\Debug\liblpc_chip_43xx.a(ring_buffer.o)
memset                                            c:/nxp/mcuxpressoide_10.2.0_759/ide/tools/bin/../lib/gcc/arm-none-eabi/7.2.1/../../../../arm-none-eabi/lib/thumb/v7e-m/fpv4-sp/softfp\libcr_c.a(memset.o)
                                                  C:\Users\manci\Documents\MCUXpressoIDE_10.2.0_759\workspace\lpc_chip_43xx\Debug\liblpc_chip_43xx.a(clock_18xx_43xx.o)
signal_fill                                       ./src/dac.o
sin                                               c:/nxp/mcuxpressoide_10.2.0_759/ide/tools/bin/../lib/gcc/arm-none-eabi/7.2.1/../../../../arm-none-eabi/lib/thumb/v7e-m/fpv4-sp/softfp\libcr_c.a(sin.o)
                                                  ./src/dac.o
toggle                                            ./src/leds_setup.o
vibrator_OFF                                      ./src/vibrator.o
                                                  ./src/main.o
vibrator_ON                                       ./src/vibrator.o
                                                  ./src/main.o
zone                                              ./src/zones.o
                                                  ./src/main.o
